Archive member included to satisfy reference by file (symbol)

app/libapp.a(data_profile.c.obj)
                              (--whole-archive)
app/libapp.a(data_profile_REAL.c.obj)
                              (--whole-archive)
app/libapp.a(data_profile_REAL_adjusted.c.obj)
                              (--whole-archive)
app/libapp.a(data_profile_REAL_cropped.c.obj)
                              (--whole-archive)
app/libapp.a(data_profile_all_lists.c.obj)
                              (--whole-archive)
app/libapp.a(data_profile_sinusoid.c.obj)
                              (--whole-archive)
app/libapp.a(data_profile_sinusoid_array.c.obj)
                              (--whole-archive)
app/libapp.a(data_profile_step.c.obj)
                              (--whole-archive)
app/libapp.a(ina_219.c.obj)   (--whole-archive)
app/libapp.a(main.c.obj)      (--whole-archive)
app/libapp.a(mpu_6050.c.obj)  (--whole-archive)
zephyr/libzephyr.a(cbprintf_packaged.c.obj)
                              (--whole-archive)
zephyr/libzephyr.a(dec.c.obj)
                              (--whole-archive)
zephyr/libzephyr.a(fdtable.c.obj)
                              (--whole-archive)
zephyr/libzephyr.a(hex.c.obj)
                              (--whole-archive)
zephyr/libzephyr.a(printk.c.obj)
                              (--whole-archive)
zephyr/libzephyr.a(rb.c.obj)  (--whole-archive)
zephyr/libzephyr.a(sem.c.obj)
                              (--whole-archive)
zephyr/libzephyr.a(thread_entry.c.obj)
                              (--whole-archive)
zephyr/libzephyr.a(timeutil.c.obj)
                              (--whole-archive)
zephyr/libzephyr.a(heap.c.obj)
                              (--whole-archive)
zephyr/libzephyr.a(heap-validate.c.obj)
                              (--whole-archive)
zephyr/libzephyr.a(bitarray.c.obj)
                              (--whole-archive)
zephyr/libzephyr.a(multi_heap.c.obj)
                              (--whole-archive)
zephyr/libzephyr.a(crc32c_sw.c.obj)
                              (--whole-archive)
zephyr/libzephyr.a(crc32_sw.c.obj)
                              (--whole-archive)
zephyr/libzephyr.a(crc16_sw.c.obj)
                              (--whole-archive)
zephyr/libzephyr.a(crc8_sw.c.obj)
                              (--whole-archive)
zephyr/libzephyr.a(crc7_sw.c.obj)
                              (--whole-archive)
zephyr/libzephyr.a(cbprintf_complete.c.obj)
                              (--whole-archive)
zephyr/libzephyr.a(cbprintf.c.obj)
                              (--whole-archive)
zephyr/libzephyr.a(ring_buffer.c.obj)
                              (--whole-archive)
zephyr/libzephyr.a(assert.c.obj)
                              (--whole-archive)
zephyr/libzephyr.a(mpsc_pbuf.c.obj)
                              (--whole-archive)
zephyr/libzephyr.a(configs.c.obj)
                              (--whole-archive)
zephyr/libzephyr.a(soc_rt10xx.c.obj)
                              (--whole-archive)
zephyr/libzephyr.a(log_core.c.obj)
                              (--whole-archive)
zephyr/libzephyr.a(log_mgmt.c.obj)
                              (--whole-archive)
zephyr/libzephyr.a(log_cache.c.obj)
                              (--whole-archive)
zephyr/libzephyr.a(log_msg.c.obj)
                              (--whole-archive)
zephyr/libzephyr.a(log_output.c.obj)
                              (--whole-archive)
zephyr/libzephyr.a(log_backend_uart.c.obj)
                              (--whole-archive)
zephyr/libzephyr.a(usb_device.c.obj)
                              (--whole-archive)
zephyr/libzephyr.a(usb_descriptor.c.obj)
                              (--whole-archive)
zephyr/libzephyr.a(usb_transfer.c.obj)
                              (--whole-archive)
zephyr/libzephyr.a(cdc_acm.c.obj)
                              (--whole-archive)
zephyr/libzephyr.a(usb_work_q.c.obj)
                              (--whole-archive)
zephyr/libzephyr.a(tracing_none.c.obj)
                              (--whole-archive)
zephyr/arch/common/libarch__common.a(sw_isr_common.c.obj)
                              (--whole-archive)
zephyr/arch/arch/arm/core/aarch32/libarch__arm__core__aarch32.a(cpu_idle.S.obj)
                              (--whole-archive)
zephyr/arch/arch/arm/core/aarch32/libarch__arm__core__aarch32.a(fatal.c.obj)
                              (--whole-archive)
zephyr/arch/arch/arm/core/aarch32/libarch__arm__core__aarch32.a(irq_manage.c.obj)
                              (--whole-archive)
zephyr/arch/arch/arm/core/aarch32/libarch__arm__core__aarch32.a(nmi.c.obj)
                              (--whole-archive)
zephyr/arch/arch/arm/core/aarch32/libarch__arm__core__aarch32.a(nmi_on_reset.S.obj)
                              (--whole-archive)
zephyr/arch/arch/arm/core/aarch32/libarch__arm__core__aarch32.a(prep_c.c.obj)
                              (--whole-archive)
zephyr/arch/arch/arm/core/aarch32/libarch__arm__core__aarch32.a(swap.c.obj)
                              (--whole-archive)
[...]
Memory Configuration

Name             Origin             Length             Attributes
FLASH            0x0000000060000000 0x0000000000800000 xr
RAM              0x0000000020200000 0x00000000000c0000 xw
ITCM             0x0000000000000000 0x0000000000020000
DTCM             0x0000000020000000 0x0000000000020000
OCRAM            0x0000000020200000 0x00000000000c0000
IDT_LIST         0x00000000fffff7ff 0x0000000000000800 xw
*default*        0x0000000000000000 0xffffffffffffffff

Linker script and memory map

LOAD zephyr/CMakeFiles/zephyr_final.dir/misc/empty_file.c.obj
LOAD zephyr/CMakeFiles/zephyr_final.dir/dev_handles.c.obj
LOAD zephyr/CMakeFiles/zephyr_final.dir/isr_tables.c.obj
LOAD zephyr/CMakeFiles/offsets.dir/./arch/arm/core/offsets/offsets.c.obj
                0x0000000000000020                _region_min_align = 0x20

.rel.plt        0x0000000060000000        0x0
 *(SORT_BY_ALIGNMENT(.rel.plt))
                [!provide]                        PROVIDE (__rel_iplt_start = .)
 *(SORT_BY_ALIGNMENT(.rel.iplt))
 .rel.iplt      0x0000000060000000        0x0 zephyr/CMakeFiles/zephyr_final.dir/isr_tables.c.obj
                [!provide]                        PROVIDE (__rel_iplt_end = .)

.rela.plt       0x0000000000000000        0x0
 *(SORT_BY_ALIGNMENT(.rela.plt))
                [!provide]                        PROVIDE (__rela_iplt_start = .)
 *(SORT_BY_ALIGNMENT(.rela.iplt))
                [!provide]                        PROVIDE (__rela_iplt_end = .)

.rel.dyn
 *(SORT_BY_ALIGNMENT(.rel.*))

.rela.dyn
 *(SORT_BY_ALIGNMENT(.rela.*))

/DISCARD/
 *(SORT_BY_ALIGNMENT(.plt))

/DISCARD/
 *(SORT_BY_ALIGNMENT(.iplt))
                0x0000000060000000                __rom_region_start = 0x60000000

rom_start       0x0000000060000000     0x22c0
                0x0000000000000000                . = 0x0
 *(SORT_BY_ALIGNMENT(.boot_hdr.conf))
 .boot_hdr.conf
                0x0000000060000000      0x200 zephyr/boards/arm/teensy4/libboards__arm__teensy4.a(flexspi_nor_config.c.obj)
                0x0000000060000000                Qspiflash_config
                0x0000000000001000                . = 0x1000
 *fill*         0x0000000060000200      0xe00 
 *(SORT_BY_ALIGNMENT(.boot_hdr.ivt))
 .boot_hdr.ivt  0x0000000060001000       0x20 zephyr/libzephyr.a(soc_rt10xx.c.obj)
                0x0000000060001000                image_vector_table
 *(SORT_BY_ALIGNMENT(.boot_hdr.data))
 .boot_hdr.data
                0x0000000060001020       0x10 zephyr/libzephyr.a(soc_rt10xx.c.obj)
                0x0000000060001020                boot_data
                0x0000000000002000                . = 0x2000
 *fill*         0x0000000060001030      0xfd0 
                0x0000000060002000                . = ALIGN (0x4)
                0x0000000060002000                . = ALIGN (0x80)
                0x0000000060002000                . = ALIGN (0x400)
                0x0000000060002000                _vector_start = .
 *(SORT_BY_ALIGNMENT(.exc_vector_table))
 *(SORT_BY_ALIGNMENT(.exc_vector_table.*))
 .exc_vector_table._vector_table_section
                0x0000000060002000       0x40 zephyr/arch/arch/arm/core/aarch32/cortex_m/libarch__arm__core__aarch32__cortex_m.a(vector_table.S.obj)
                0x0000000060002000                _vector_table
 *(SORT_BY_ALIGNMENT(.vectors))
                0x00000000600022c0                _vector_end = .
                0x0000000060002040                . = ALIGN (0x4)
 *(SORT_BY_ALIGNMENT(.gnu.linkonce.irq_vector_table*))
 .gnu.linkonce.irq_vector_table
                0x0000000060002040      0x280 zephyr/CMakeFiles/zephyr_final.dir/isr_tables.c.obj
                0x0000000060002040                _irq_vector_table
                0x00000000600022c0                _vector_end = .

text            0x00000000600022c0    0x177ac
                0x00000000600022c0                __text_region_start = .
 *(SORT_BY_ALIGNMENT(.text))
 .text          0x00000000600022c0       0xdc /Users/michaeljenz/zephyr-sdk-0.16.1/arm-zephyr-eabi/arm-zephyr-eabi/lib/thumb/v7e-m/nofp/libc.a(lib_a-strlen.o)
                0x00000000600022c0                strlen
 *fill*         0x000000006000239c        0x4 
 .text          0x00000000600023a0      0x2dc /Users/michaeljenz/zephyr-sdk-0.16.1/arm-zephyr-eabi/arm-zephyr-eabi/lib/thumb/v7e-m/nofp/libc.a(lib_a-strcmp.o)
                0x00000000600023a8                strcmp
 *fill*         0x000000006000267c        0x4 
 .text          0x0000000060002680       0xa0 /Users/michaeljenz/zephyr-sdk-0.16.1/arm-zephyr-eabi/arm-zephyr-eabi/lib/thumb/v7e-m/nofp/libc.a(lib_a-memchr.o)
                0x0000000060002680                memchr
 .text          0x0000000060002720      0x378 /Users/michaeljenz/zephyr-sdk-0.16.1/arm-zephyr-eabi/bin/../lib/gcc/arm-zephyr-eabi/12.2.0/thumb/v7e-m/nofp/libgcc.a(_arm_addsubdf3.o)
                0x0000000060002720                __aeabi_drsub
                0x0000000060002728                __subdf3
                0x0000000060002728                __aeabi_dsub
                0x000000006000272c                __aeabi_dadd
                0x000000006000272c                __adddf3
                0x00000000600029a4                __aeabi_ui2d
                0x00000000600029a4                __floatunsidf
                0x00000000600029c4                __floatsidf
                0x00000000600029c4                __aeabi_i2d
                0x00000000600029e8                __extendsfdf2
                0x00000000600029e8                __aeabi_f2d
                0x0000000060002a2c                __aeabi_ul2d
                0x0000000060002a2c                __floatundidf
                0x0000000060002a3c                __aeabi_l2d
                0x0000000060002a3c                __floatdidf
 .text          0x0000000060002a98      0x424 /Users/michaeljenz/zephyr-sdk-0.16.1/arm-zephyr-eabi/bin/../lib/gcc/arm-zephyr-eabi/12.2.0/thumb/v7e-m/nofp/libgcc.a(_arm_muldivdf3.o)
                0x0000000060002a98                __aeabi_dmul
                0x0000000060002a98                __muldf3
                0x0000000060002cec                __aeabi_ddiv
                0x0000000060002cec                __divdf3
 .text          0x0000000060002ebc      0x110 /Users/michaeljenz/zephyr-sdk-0.16.1/arm-zephyr-eabi/bin/../lib/gcc/arm-zephyr-eabi/12.2.0/thumb/v7e-m/nofp/libgcc.a(_arm_cmpdf2.o)
                0x0000000060002ebc                __gedf2
                0x0000000060002ebc                __gtdf2
                0x0000000060002ec4                __ledf2
                0x0000000060002ec4                __ltdf2
                0x0000000060002ecc                __cmpdf2
                0x0000000060002ecc                __eqdf2
                0x0000000060002ecc                __nedf2
                0x0000000060002f48                __aeabi_cdrcmple
                0x0000000060002f58                __aeabi_cdcmple
                0x0000000060002f58                __aeabi_cdcmpeq
                0x0000000060002f68                __aeabi_dcmpeq
                0x0000000060002f7c                __aeabi_dcmplt
                0x0000000060002f90                __aeabi_dcmple
                0x0000000060002fa4                __aeabi_dcmpge
                0x0000000060002fb8                __aeabi_dcmpgt
 .text          0x0000000060002fcc       0x50 /Users/michaeljenz/zephyr-sdk-0.16.1/arm-zephyr-eabi/bin/../lib/gcc/arm-zephyr-eabi/12.2.0/thumb/v7e-m/nofp/libgcc.a(_arm_fixdfsi.o)
                0x0000000060002fcc                __fixdfsi
                0x0000000060002fcc                __aeabi_d2iz
 .text          0x000000006000301c       0xa0 /Users/michaeljenz/zephyr-sdk-0.16.1/arm-zephyr-eabi/bin/../lib/gcc/arm-zephyr-eabi/12.2.0/thumb/v7e-m/nofp/libgcc.a(_arm_truncdfsf2.o)
                0x000000006000301c                __aeabi_d2f
                0x000000006000301c                __truncdfsf2
 .text          0x00000000600030bc      0x21c /Users/michaeljenz/zephyr-sdk-0.16.1/arm-zephyr-eabi/bin/../lib/gcc/arm-zephyr-eabi/12.2.0/thumb/v7e-m/nofp/libgcc.a(_arm_addsubsf3.o)
                0x00000000600030bc                __aeabi_frsub
                0x00000000600030c4                __aeabi_fsub
                0x00000000600030c4                __subsf3
                0x00000000600030c8                __aeabi_fadd
                0x00000000600030c8                __addsf3
                0x0000000060003228                __aeabi_ui2f
                0x0000000060003228                __floatunsisf
                0x0000000060003230                __floatsisf
                0x0000000060003230                __aeabi_i2f
                0x000000006000324c                __aeabi_ul2f
                0x000000006000324c                __floatundisf
                0x000000006000325c                __aeabi_l2f
                0x000000006000325c                __floatdisf
 .text          0x00000000600032d8      0x2a0 /Users/michaeljenz/zephyr-sdk-0.16.1/arm-zephyr-eabi/bin/../lib/gcc/arm-zephyr-eabi/12.2.0/thumb/v7e-m/nofp/libgcc.a(_arm_muldivsf3.o)
                0x00000000600032d8                __mulsf3
                0x00000000600032d8                __aeabi_fmul
                0x0000000060003440                __divsf3
                0x0000000060003440                __aeabi_fdiv
 .text          0x0000000060003578       0xec /Users/michaeljenz/zephyr-sdk-0.16.1/arm-zephyr-eabi/bin/../lib/gcc/arm-zephyr-eabi/12.2.0/thumb/v7e-m/nofp/libgcc.a(_arm_cmpsf2.o)
                0x0000000060003578                __gesf2
                0x0000000060003578                __gtsf2
                0x0000000060003580                __ltsf2
                0x0000000060003580                __lesf2
                0x0000000060003588                __nesf2
                0x0000000060003588                __eqsf2
                0x0000000060003588                __cmpsf2
                0x00000000600035e8                __aeabi_cfrcmple
                0x00000000600035f0                __aeabi_cfcmpeq
                0x00000000600035f0                __aeabi_cfcmple
                0x0000000060003600                __aeabi_fcmpeq
                0x0000000060003614                __aeabi_fcmplt
                0x0000000060003628                __aeabi_fcmple
                0x000000006000363c                __aeabi_fcmpge
                0x0000000060003650                __aeabi_fcmpgt
 .text          0x0000000060003664       0xa0 /Users/michaeljenz/zephyr-sdk-0.16.1/arm-zephyr-eabi/bin/../lib/gcc/arm-zephyr-eabi/12.2.0/thumb/v7e-m/nofp/libgcc.a(_aeabi_ldivmod.o)
                0x0000000060003664                __aeabi_ldivmod
 .text          0x0000000060003704       0x30 /Users/michaeljenz/zephyr-sdk-0.16.1/arm-zephyr-eabi/bin/../lib/gcc/arm-zephyr-eabi/12.2.0/thumb/v7e-m/nofp/libgcc.a(_aeabi_uldivmod.o)
                0x0000000060003704                __aeabi_uldivmod
 .text          0x0000000060003734        0x4 /Users/michaeljenz/zephyr-sdk-0.16.1/arm-zephyr-eabi/bin/../lib/gcc/arm-zephyr-eabi/12.2.0/thumb/v7e-m/nofp/libgcc.a(_dvmd_tls.o)
                0x0000000060003734                __aeabi_ldiv0
                0x0000000060003734                __aeabi_idiv0
 .text          0x0000000060003738      0x134 /Users/michaeljenz/zephyr-sdk-0.16.1/arm-zephyr-eabi/arm-zephyr-eabi/lib/thumb/v7e-m/nofp/libc.a(lib_a-memcpy.o)
                0x0000000060003738                memcpy
 .text          0x000000006000386c       0x2c /Users/michaeljenz/zephyr-sdk-0.16.1/arm-zephyr-eabi/bin/../lib/gcc/arm-zephyr-eabi/12.2.0/thumb/v7e-m/nofp/libgcc.a(_arm_unorddf2.o)
                0x000000006000386c                __aeabi_dcmpun
                0x000000006000386c                __unorddf2
 .text          0x0000000060003898      0x2a0 /Users/michaeljenz/zephyr-sdk-0.16.1/arm-zephyr-eabi/bin/../lib/gcc/arm-zephyr-eabi/12.2.0/thumb/v7e-m/nofp/libgcc.a(_udivmoddi4.o)
                0x0000000060003898                __udivmoddi4
 *(SORT_BY_ALIGNMENT(.text.*))
 .text.pwm_set_pulse_dt
                0x0000000060003b38       0xac app/libapp.a(main.c.obj)
 *fill*         0x0000000060003be4        0x4 
 .text.position_control
                0x0000000060003be8      0x3bc app/libapp.a(main.c.obj)
                0x0000000060003be8                position_control
 *fill*         0x0000000060003fa4        0x4 
 .text.current_control
                0x0000000060003fa8      0x28c app/libapp.a(main.c.obj)
                0x0000000060003fa8                current_control
 *fill*         0x0000000060004234        0x4 
 .text.mpu_sensor_read
                0x0000000060004238      0x160 app/libapp.a(main.c.obj)
                0x0000000060004238                mpu_sensor_read
 .text.ina219_channel_get
                0x0000000060004398       0xfc zephyr/drivers/sensor/ina219/libdrivers__sensor__ina219.a(ina219.c.obj)
 *fill*         0x0000000060004494        0x4 
 .text.__ieee754_pow
                0x0000000060004498      0xb0c /Users/michaeljenz/zephyr-sdk-0.16.1/arm-zephyr-eabi/arm-zephyr-eabi/lib/thumb/v7e-m/nofp/libm.a(lib_a-e_pow.o)
                0x0000000060004498                __ieee754_pow
 *fill*         0x0000000060004fa4        0x4 
 .text.scalbn   0x0000000060004fa8       0xdc /Users/michaeljenz/zephyr-sdk-0.16.1/arm-zephyr-eabi/arm-zephyr-eabi/lib/thumb/v7e-m/nofp/libm.a(lib_a-s_scalbn.o)
                0x0000000060004fa8                scalbn
 *fill*         0x0000000060005084        0x4 
 .text._dtoa_r  0x0000000060005088      0xe48 /Users/michaeljenz/zephyr-sdk-0.16.1/arm-zephyr-eabi/arm-zephyr-eabi/lib/thumb/v7e-m/nofp/libc.a(lib_a-dtoa.o)
                0x0000000060005088                _dtoa_r
 .text.process_ina219
                0x0000000060005ed0       0x48 app/libapp.a(ina_219.c.obj)
                0x0000000060005ed0                process_ina219
 .text.read_pot_adc
                0x0000000060005f18      0x118 app/libapp.a(main.c.obj)
                0x0000000060005f18                read_pot_adc
 .text.cadence_detection
                0x0000000060006030       0xe0 app/libapp.a(main.c.obj)
                0x0000000060006030                cadence_detection
 .text.base_swing
                0x0000000060006110       0x8c app/libapp.a(main.c.obj)
                0x0000000060006110                base_swing
 .text.controlled_swing
                0x000000006000619c       0xc4 app/libapp.a(main.c.obj)
                0x000000006000619c                controlled_swing
 .text.motor_control
                0x0000000060006260       0x98 app/libapp.a(main.c.obj)
                0x0000000060006260                motor_control
 .text.sensors_init
                0x00000000600062f8       0x60 app/libapp.a(main.c.obj)
                0x00000000600062f8                sensors_init
 .text.ina_sensor_read
                0x0000000060006358       0x28 app/libapp.a(main.c.obj)
                0x0000000060006358                ina_sensor_read
 .text.process_mpu6050
                0x0000000060006380       0x68 app/libapp.a(mpu_6050.c.obj)
                0x0000000060006380                process_mpu6050
 .text.cbvprintf_package
                0x00000000600063e8      0x43c zephyr/libzephyr.a(cbprintf_packaged.c.obj)
                0x00000000600063e8                cbvprintf_package
 .text.cbprintf_package_convert
                0x0000000060006824      0x468 zephyr/libzephyr.a(cbprintf_packaged.c.obj)
                0x0000000060006824                cbprintf_package_convert
 .text.__printk_hook_install
                0x0000000060006c8c        0xc zephyr/libzephyr.a(printk.c.obj)
                0x0000000060006c8c                __printk_hook_install
 .text.vsnprintk
                0x0000000060006c98       0x2c zephyr/libzephyr.a(printk.c.obj)
                0x0000000060006c98                vsnprintk
 .text.sys_heap_free
                0x0000000060006cc4       0x9c zephyr/libzephyr.a(heap.c.obj)
                0x0000000060006cc4                sys_heap_free
 .text.sys_heap_aligned_alloc
                0x0000000060006d60      0x118 zephyr/libzephyr.a(heap.c.obj)
                0x0000000060006d60                sys_heap_aligned_alloc
 .text.sys_heap_init
                0x0000000060006e78      0x12c zephyr/libzephyr.a(heap.c.obj)
                0x0000000060006e78                sys_heap_init
 .text.extract_decimal
                0x0000000060006fa4       0x2c zephyr/libzephyr.a(cbprintf_complete.c.obj)
 .text.encode_uint
                0x0000000060006fd0       0x98 zephyr/libzephyr.a(cbprintf_complete.c.obj)
 .text.z_cbvprintf_impl
                0x0000000060007068      0xcd4 zephyr/libzephyr.a(cbprintf_complete.c.obj)
                0x0000000060007068                z_cbvprintf_impl
 .text.ring_buf_put
                0x0000000060007d3c       0x60 zephyr/libzephyr.a(ring_buffer.c.obj)
                0x0000000060007d3c                ring_buf_put
 .text.ring_buf_get
                0x0000000060007d9c       0x64 zephyr/libzephyr.a(ring_buffer.c.obj)
                0x0000000060007d9c                ring_buf_get
 .text.mpsc_pbuf_init
                0x0000000060007e00       0x64 zephyr/libzephyr.a(mpsc_pbuf.c.obj)
                0x0000000060007e00                mpsc_pbuf_init
 .text.mpsc_pbuf_alloc
                0x0000000060007e64      0x180 zephyr/libzephyr.a(mpsc_pbuf.c.obj)
                0x0000000060007e64                mpsc_pbuf_alloc
 .text.mpsc_pbuf_commit
                0x0000000060007fe4       0xac zephyr/libzephyr.a(mpsc_pbuf.c.obj)
                0x0000000060007fe4                mpsc_pbuf_commit
 .text.mpsc_pbuf_claim
                0x0000000060008090      0x110 zephyr/libzephyr.a(mpsc_pbuf.c.obj)
                0x0000000060008090                mpsc_pbuf_claim
 .text.mpsc_pbuf_free
                0x00000000600081a0       0xe0 zephyr/libzephyr.a(mpsc_pbuf.c.obj)
                0x00000000600081a0                mpsc_pbuf_free
 .text.imxrt_init
                0x0000000060008280      0x16c zephyr/libzephyr.a(soc_rt10xx.c.obj)
 .text.enable_logger
                0x00000000600083ec       0x5c zephyr/libzephyr.a(log_core.c.obj)
 .text.activate_foreach_backend
                0x0000000060008448       0x64 zephyr/libzephyr.a(log_core.c.obj)
 .text.z_log_init
                0x00000000600084ac       0xdc zephyr/libzephyr.a(log_core.c.obj)
 .text.log_process_thread_timer_expiry_fn
                0x0000000060008588        0xc zephyr/libzephyr.a(log_core.c.obj)
 .text.log_format_func_t_get
                0x0000000060008594        0xc zephyr/libzephyr.a(log_core.c.obj)
                0x0000000060008594                log_format_func_t_get
 .text.log_set_timestamp_func
                0x00000000600085a0       0x20 zephyr/libzephyr.a(log_core.c.obj)
                0x00000000600085a0                log_set_timestamp_func
 .text.z_log_notify_backend_enabled
                0x00000000600085c0       0x1c zephyr/libzephyr.a(log_core.c.obj)
                0x00000000600085c0                z_log_notify_backend_enabled
 .text.z_log_dropped
                0x00000000600085dc       0x30 zephyr/libzephyr.a(log_core.c.obj)
                0x00000000600085dc                z_log_dropped
 .text.z_log_dropped_read_and_clear
                0x000000006000860c       0x20 zephyr/libzephyr.a(log_core.c.obj)
                0x000000006000860c                z_log_dropped_read_and_clear
 .text.dropped_notify
                0x000000006000862c       0x60 zephyr/libzephyr.a(log_core.c.obj)
                0x000000006000862c                dropped_notify
 .text.z_log_msg_init
                0x000000006000868c       0x20 zephyr/libzephyr.a(log_core.c.obj)
                0x000000006000868c                z_log_msg_init
 .text.log_core_init
                0x00000000600086ac       0x34 zephyr/libzephyr.a(log_core.c.obj)
                0x00000000600086ac                log_core_init
 .text.z_log_msg_alloc
                0x00000000600086e0       0x10 zephyr/libzephyr.a(log_core.c.obj)
                0x00000000600086e0                z_log_msg_alloc
 .text.z_log_msg_local_claim
                0x00000000600086f0        0xc zephyr/libzephyr.a(log_core.c.obj)
                0x00000000600086f0                z_log_msg_local_claim
 .text.z_log_msg_free
                0x00000000600086fc       0x10 zephyr/libzephyr.a(log_core.c.obj)
                0x00000000600086fc                z_log_msg_free
 .text.z_log_msg_pending
                0x000000006000870c        0xc zephyr/libzephyr.a(log_core.c.obj)
                0x000000006000870c                z_log_msg_pending
 .text.z_impl_log_process
                0x0000000060008718       0xe0 zephyr/libzephyr.a(log_core.c.obj)
                0x0000000060008718                z_impl_log_process
 .text.z_impl_log_panic
                0x00000000600087f8       0x74 zephyr/libzephyr.a(log_core.c.obj)
                0x00000000600087f8                z_impl_log_panic
 .text.log_process_thread_func
                0x000000006000886c       0xec zephyr/libzephyr.a(log_core.c.obj)
 .text.z_log_msg_post_finalize
                0x0000000060008958       0xe0 zephyr/libzephyr.a(log_core.c.obj)
 .text.z_log_msg_commit
                0x0000000060008a38       0x24 zephyr/libzephyr.a(log_core.c.obj)
                0x0000000060008a38                z_log_msg_commit
 .text.log_source_name_get
                0x0000000060008a5c       0x1c zephyr/libzephyr.a(log_mgmt.c.obj)
                0x0000000060008a5c                log_source_name_get
 .text.log_backend_enable
                0x0000000060008a78       0x4c zephyr/libzephyr.a(log_mgmt.c.obj)
                0x0000000060008a78                log_backend_enable
 .text.z_impl_z_log_msg_static_create
                0x0000000060008ac4       0xcc zephyr/libzephyr.a(log_msg.c.obj)
                0x0000000060008ac4                z_impl_z_log_msg_static_create
 .text.z_impl_z_log_msg_runtime_vcreate
                0x0000000060008b90       0xc8 zephyr/libzephyr.a(log_msg.c.obj)
                0x0000000060008b90                z_impl_z_log_msg_runtime_vcreate
 .text.print_formatted
                0x0000000060008c58       0x24 zephyr/libzephyr.a(log_output.c.obj)
 .text.newline_print
                0x0000000060008c7c       0x1c zephyr/libzephyr.a(log_output.c.obj)
 .text.out_func
                0x0000000060008c98       0x60 zephyr/libzephyr.a(log_output.c.obj)
 .text.log_output_process
                0x0000000060008cf8      0x2d0 zephyr/libzephyr.a(log_output.c.obj)
                0x0000000060008cf8                log_output_process
 .text.log_output_msg_process
                0x0000000060008fc8       0x70 zephyr/libzephyr.a(log_output.c.obj)
                0x0000000060008fc8                log_output_msg_process
 .text.log_output_dropped_process
                0x0000000060009038       0x58 zephyr/libzephyr.a(log_output.c.obj)
                0x0000000060009038                log_output_dropped_process
 .text.log_output_timestamp_freq_set
                0x0000000060009090       0x2c zephyr/libzephyr.a(log_output.c.obj)
                0x0000000060009090                log_output_timestamp_freq_set
 .text.format_set
                0x00000000600090bc        0xc zephyr/libzephyr.a(log_backend_uart.c.obj)
 .text.panic    0x00000000600090c8       0x14 zephyr/libzephyr.a(log_backend_uart.c.obj)
 .text.dropped  0x00000000600090dc        0xc zephyr/libzephyr.a(log_backend_uart.c.obj)
 .text.process  0x00000000600090e8       0x24 zephyr/libzephyr.a(log_backend_uart.c.obj)
 .text.char_out
                0x000000006000910c       0x24 zephyr/libzephyr.a(log_backend_uart.c.obj)
 .text.log_backend_uart_init
                0x0000000060009130       0x30 zephyr/libzephyr.a(log_backend_uart.c.obj)
 .text.custom_handler
                0x0000000060009160       0x90 zephyr/libzephyr.a(usb_device.c.obj)
 .text.class_handler
                0x00000000600091f0       0x74 zephyr/libzephyr.a(usb_device.c.obj)
 .text.usb_reset_alt_setting
                0x0000000060009264       0x10 zephyr/libzephyr.a(usb_device.c.obj)
 .text.vendor_handler
                0x0000000060009274       0x6c zephyr/libzephyr.a(usb_device.c.obj)
 .text.is_ep_valid
                0x00000000600092e0       0x6c zephyr/libzephyr.a(usb_device.c.obj)
 .text.usb_handle_request.constprop.0
                0x000000006000934c       0x2c zephyr/libzephyr.a(usb_device.c.obj)
 .text.usb_device_init.part.0
                0x0000000060009378       0x28 zephyr/libzephyr.a(usb_device.c.obj)
 .text.get_ep_bm_from_addr.part.0
                0x00000000600093a0       0x2c zephyr/libzephyr.a(usb_device.c.obj)
 .text.disable_endpoint
                0x00000000600093cc       0x80 zephyr/libzephyr.a(usb_device.c.obj)
 .text.forward_status_cb
                0x000000006000944c       0xfc zephyr/libzephyr.a(usb_device.c.obj)
 .text.usb_halt_endpoint_req.isra.0
                0x0000000060009548       0xac zephyr/libzephyr.a(usb_device.c.obj)
 .text.set_endpoint
                0x00000000600095f4      0x100 zephyr/libzephyr.a(usb_device.c.obj)
 .text.usb_handle_standard_request
                0x00000000600096f4      0x29c zephyr/libzephyr.a(usb_device.c.obj)
 .text.usb_write
                0x0000000060009990       0x64 zephyr/libzephyr.a(usb_device.c.obj)
                0x0000000060009990                usb_write
 .text.usb_data_to_host
                0x00000000600099f4       0x54 zephyr/libzephyr.a(usb_device.c.obj)
 .text.usb_handle_control_transfer
                0x0000000060009a48      0x124 zephyr/libzephyr.a(usb_device.c.obj)
 .text.usb_set_config
                0x0000000060009b6c       0x2c zephyr/libzephyr.a(usb_device.c.obj)
                0x0000000060009b6c                usb_set_config
 .text.usb_device_init
                0x0000000060009b98       0x2c zephyr/libzephyr.a(usb_device.c.obj)
 .text.usb_enable
                0x0000000060009bc4      0x158 zephyr/libzephyr.a(usb_device.c.obj)
                0x0000000060009bc4                usb_enable
 .text.usb_update_sn_string_descriptor
                0x0000000060009d1c       0x8c zephyr/libzephyr.a(usb_descriptor.c.obj)
                0x0000000060009d1c                usb_update_sn_string_descriptor
 .text.usb_get_device_descriptor
                0x0000000060009da8      0x294 zephyr/libzephyr.a(usb_descriptor.c.obj)
                0x0000000060009da8                usb_get_device_descriptor
 .text.usb_ep_get_transfer
                0x000000006000a03c       0x28 zephyr/libzephyr.a(usb_transfer.c.obj)
 .text.usb_transfer_work
                0x000000006000a064      0x164 zephyr/libzephyr.a(usb_transfer.c.obj)
 .text.usb_transfer_ep_callback
                0x000000006000a1c8       0x78 zephyr/libzephyr.a(usb_transfer.c.obj)
                0x000000006000a1c8                usb_transfer_ep_callback
 .text.usb_transfer
                0x000000006000a240      0x144 zephyr/libzephyr.a(usb_transfer.c.obj)
                0x000000006000a240                usb_transfer
 .text.usb_cancel_transfer
                0x000000006000a384       0x3c zephyr/libzephyr.a(usb_transfer.c.obj)
                0x000000006000a384                usb_cancel_transfer
 .text.usb_cancel_transfers
                0x000000006000a3c0       0x48 zephyr/libzephyr.a(usb_transfer.c.obj)
                0x000000006000a3c0                usb_cancel_transfers
 .text.usb_transfer_init
                0x000000006000a408       0x30 zephyr/libzephyr.a(usb_transfer.c.obj)
                0x000000006000a408                usb_transfer_init
 .text.cdc_acm_int_in
                0x000000006000a438       0x18 zephyr/libzephyr.a(cdc_acm.c.obj)
 .text.cdc_acm_irq_rx_enable
                0x000000006000a450       0x20 zephyr/libzephyr.a(cdc_acm.c.obj)
 .text.cdc_acm_irq_tx_enable
                0x000000006000a470       0x20 zephyr/libzephyr.a(cdc_acm.c.obj)
 .text.cdc_acm_fifo_fill
                0x000000006000a490       0x38 zephyr/libzephyr.a(cdc_acm.c.obj)
 .text.cdc_acm_poll_out
                0x000000006000a4c8       0x64 zephyr/libzephyr.a(cdc_acm.c.obj)
 .text.tx_work_handler
                0x000000006000a52c       0x60 zephyr/libzephyr.a(cdc_acm.c.obj)
 .text.cdc_acm_class_handle_req
                0x000000006000a58c       0x64 zephyr/libzephyr.a(cdc_acm.c.obj)
                0x000000006000a58c                cdc_acm_class_handle_req
 .text.cdc_acm_reset_port
                0x000000006000a5f0       0x3c zephyr/libzephyr.a(cdc_acm.c.obj)
 .text.cdc_acm_write_cb
                0x000000006000a62c       0x44 zephyr/libzephyr.a(cdc_acm.c.obj)
 .text.cdc_acm_init
                0x000000006000a670       0x48 zephyr/libzephyr.a(cdc_acm.c.obj)
 .text.cdc_acm_read_cb
                0x000000006000a6b8       0x70 zephyr/libzephyr.a(cdc_acm.c.obj)
 .text.cdc_acm_dev_status_cb
                0x000000006000a728       0x88 zephyr/libzephyr.a(cdc_acm.c.obj)
 .text.z_usb_work_q_init
                0x000000006000a7b0       0x34 zephyr/libzephyr.a(usb_work_q.c.obj)
 .text.z_arm_cpu_idle_init
                0x000000006000a7e4        0xc zephyr/arch/arch/arm/core/aarch32/libarch__arm__core__aarch32.a(cpu_idle.S.obj)
                0x000000006000a7e4                z_arm_cpu_idle_init
 .text.arch_cpu_idle
                0x000000006000a7f0       0x1c zephyr/arch/arch/arm/core/aarch32/libarch__arm__core__aarch32.a(cpu_idle.S.obj)
                0x000000006000a7f0                arch_cpu_idle
 .text.z_arm_fatal_error
                0x000000006000a80c       0xcc zephyr/arch/arch/arm/core/aarch32/libarch__arm__core__aarch32.a(fatal.c.obj)
                0x000000006000a80c                z_arm_fatal_error
 .text.arch_irq_enable
                0x000000006000a8d8       0x1c zephyr/arch/arch/arm/core/aarch32/libarch__arm__core__aarch32.a(irq_manage.c.obj)
                0x000000006000a8d8                arch_irq_enable
 .text.z_arm_irq_priority_set
                0x000000006000a8f4       0x64 zephyr/arch/arch/arm/core/aarch32/libarch__arm__core__aarch32.a(irq_manage.c.obj)
                0x000000006000a8f4                z_arm_irq_priority_set
 .text.z_SysNmiOnReset
                0x000000006000a958        0x8 zephyr/arch/arch/arm/core/aarch32/libarch__arm__core__aarch32.a(nmi_on_reset.S.obj)
                0x000000006000a958                z_SysNmiOnReset
 .text.z_arm_prep_c
                0x000000006000a960       0x48 zephyr/arch/arch/arm/core/aarch32/libarch__arm__core__aarch32.a(prep_c.c.obj)
                0x000000006000a960                z_arm_prep_c
 .text.arch_swap
                0x000000006000a9a8       0x34 zephyr/arch/arch/arm/core/aarch32/libarch__arm__core__aarch32.a(swap.c.obj)
                0x000000006000a9a8                arch_swap
 .text.z_arm_pendsv
                0x000000006000a9dc       0x54 zephyr/arch/arch/arm/core/aarch32/libarch__arm__core__aarch32.a(swap_helper.S.obj)
                0x000000006000a9dc                z_arm_pendsv
 .text.z_arm_svc
                0x000000006000aa30       0x20 zephyr/arch/arch/arm/core/aarch32/libarch__arm__core__aarch32.a(swap_helper.S.obj)
                0x000000006000aa30                z_arm_svc
 .text.arch_new_thread
                0x000000006000aa50       0x2c zephyr/arch/arch/arm/core/aarch32/libarch__arm__core__aarch32.a(thread.c.obj)
                0x000000006000aa50                arch_new_thread
 .text.z_check_thread_stack_fail
                0x000000006000aa7c       0x2c zephyr/arch/arch/arm/core/aarch32/libarch__arm__core__aarch32.a(thread.c.obj)
                0x000000006000aa7c                z_check_thread_stack_fail
 .text.arch_switch_to_main_thread
                0x000000006000aaa8       0x2c zephyr/arch/arch/arm/core/aarch32/libarch__arm__core__aarch32.a(thread.c.obj)
                0x000000006000aaa8                arch_switch_to_main_thread
 .text._isr_wrapper
                0x000000006000aad4       0x28 zephyr/arch/arch/arm/core/aarch32/libarch__arm__core__aarch32.a(isr_wrapper.S.obj)
                0x000000006000aad4                _isr_wrapper
 .text._HandlerModeExit
                0x000000006000aafc       0x1c zephyr/arch/arch/arm/core/aarch32/cortex_m/libarch__arm__core__aarch32__cortex_m.a(exc_exit.S.obj)
                0x000000006000aafc                z_arm_exc_exit
                0x000000006000aafc                z_arm_int_exit
 .text.bus_fault.constprop.0
                0x000000006000ab18      0x154 zephyr/arch/arch/arm/core/aarch32/cortex_m/libarch__arm__core__aarch32__cortex_m.a(fault.c.obj)
 .text.usage_fault.constprop.0
                0x000000006000ac6c      0x104 zephyr/arch/arch/arm/core/aarch32/cortex_m/libarch__arm__core__aarch32__cortex_m.a(fault.c.obj)
 .text.mem_manage_fault
                0x000000006000ad70      0x1ac zephyr/arch/arch/arm/core/aarch32/cortex_m/libarch__arm__core__aarch32__cortex_m.a(fault.c.obj)
 .text.z_arm_fault
                0x000000006000af1c      0x290 zephyr/arch/arch/arm/core/aarch32/cortex_m/libarch__arm__core__aarch32__cortex_m.a(fault.c.obj)
                0x000000006000af1c                z_arm_fault
 .text.z_arm_fault_init
                0x000000006000b1ac       0x10 zephyr/arch/arch/arm/core/aarch32/cortex_m/libarch__arm__core__aarch32__cortex_m.a(fault.c.obj)
                0x000000006000b1ac                z_arm_fault_init
 .text.__fault  0x000000006000b1bc       0x14 zephyr/arch/arch/arm/core/aarch32/cortex_m/libarch__arm__core__aarch32__cortex_m.a(fault_s.S.obj)
                0x000000006000b1bc                z_arm_bus_fault
                0x000000006000b1bc                z_arm_usage_fault
                0x000000006000b1bc                z_arm_mpu_fault
                0x000000006000b1bc                z_arm_exc_spurious
                0x000000006000b1bc                z_arm_debug_monitor
                0x000000006000b1bc                z_arm_hard_fault
 .text.z_arm_interrupt_init
                0x000000006000b1d0       0x18 zephyr/arch/arch/arm/core/aarch32/cortex_m/libarch__arm__core__aarch32__cortex_m.a(irq_init.c.obj)
                0x000000006000b1d0                z_arm_interrupt_init
 .text._reset_section
                0x000000006000b1e8       0x30 zephyr/arch/arch/arm/core/aarch32/cortex_m/libarch__arm__core__aarch32__cortex_m.a(reset.S.obj)
                0x000000006000b1e8                z_arm_reset
                0x000000006000b1e8                __start
 .text.z_impl_k_thread_abort
                0x000000006000b218       0x2c zephyr/arch/arch/arm/core/aarch32/cortex_m/libarch__arm__core__aarch32__cortex_m.a(thread_abort.c.obj)
                0x000000006000b218                z_impl_k_thread_abort
 .text.z_arm_configure_static_mpu_regions
                0x000000006000b244       0x18 zephyr/arch/arch/arm/core/aarch32/mpu/libarch__arm__core__aarch32__mpu.a(arm_core_mpu.c.obj)
                0x000000006000b244                z_arm_configure_static_mpu_regions
 .text.z_arm_configure_dynamic_mpu_regions
                0x000000006000b25c       0x20 zephyr/arch/arch/arm/core/aarch32/mpu/libarch__arm__core__aarch32__mpu.a(arm_core_mpu.c.obj)
                0x000000006000b25c                z_arm_configure_dynamic_mpu_regions
 .text.mpu_configure_regions
                0x000000006000b27c       0xcc zephyr/arch/arch/arm/core/aarch32/mpu/libarch__arm__core__aarch32__mpu.a(arm_mpu.c.obj)
 .text.arm_core_mpu_enable
                0x000000006000b348       0x18 zephyr/arch/arch/arm/core/aarch32/mpu/libarch__arm__core__aarch32__mpu.a(arm_mpu.c.obj)
                0x000000006000b348                arm_core_mpu_enable
 .text.arm_core_mpu_disable
                0x000000006000b360       0x14 zephyr/arch/arch/arm/core/aarch32/mpu/libarch__arm__core__aarch32__mpu.a(arm_mpu.c.obj)
                0x000000006000b360                arm_core_mpu_disable
 .text.arm_core_mpu_configure_static_mpu_regions
                0x000000006000b374       0x4c zephyr/arch/arch/arm/core/aarch32/mpu/libarch__arm__core__aarch32__mpu.a(arm_mpu.c.obj)
                0x000000006000b374                arm_core_mpu_configure_static_mpu_regions
 .text.arm_core_mpu_configure_dynamic_mpu_regions
                0x000000006000b3c0       0x64 zephyr/arch/arch/arm/core/aarch32/mpu/libarch__arm__core__aarch32__mpu.a(arm_mpu.c.obj)
                0x000000006000b3c0                arm_core_mpu_configure_dynamic_mpu_regions
 .text.z_arm_mpu_init
                0x000000006000b424      0x104 zephyr/arch/arch/arm/core/aarch32/mpu/libarch__arm__core__aarch32__mpu.a(arm_mpu.c.obj)
                0x000000006000b424                z_arm_mpu_init
 .text.malloc_prepare
                0x000000006000b528       0x44 zephyr/lib/libc/newlib/liblib__libc__newlib.a(libc-hooks.c.obj)
 .text.__stdout_hook_install
                0x000000006000b56c        0xc zephyr/lib/libc/newlib/liblib__libc__newlib.a(libc-hooks.c.obj)
                0x000000006000b56c                __stdout_hook_install
 .text.z_impl_zephyr_read_stdin
                0x000000006000b578       0x28 zephyr/lib/libc/newlib/liblib__libc__newlib.a(libc-hooks.c.obj)
                0x000000006000b578                z_impl_zephyr_read_stdin
 .text.z_impl_zephyr_write_stdout
                0x000000006000b5a0       0x30 zephyr/lib/libc/newlib/liblib__libc__newlib.a(libc-hooks.c.obj)
                0x000000006000b5a0                z_impl_zephyr_write_stdout
 .text._exit    0x000000006000b5d0       0x10 zephyr/lib/libc/newlib/liblib__libc__newlib.a(libc-hooks.c.obj)
                0x000000006000b5d0                _exit
 .text._sbrk    0x000000006000b5e0       0x28 zephyr/lib/libc/newlib/liblib__libc__newlib.a(libc-hooks.c.obj)
                0x000000006000b5e0                _sbrk
                0x000000006000b5e0                sbrk
 .text.__retarget_lock_init_recursive
                0x000000006000b608       0x60 zephyr/lib/libc/newlib/liblib__libc__newlib.a(libc-hooks.c.obj)
                0x000000006000b608                __retarget_lock_init_recursive
 .text.__retarget_lock_close_recursive
                0x000000006000b668       0x30 zephyr/lib/libc/newlib/liblib__libc__newlib.a(libc-hooks.c.obj)
                0x000000006000b668                __retarget_lock_close_recursive
 .text.__retarget_lock_acquire_recursive
                0x000000006000b698       0x38 zephyr/lib/libc/newlib/liblib__libc__newlib.a(libc-hooks.c.obj)
                0x000000006000b698                __retarget_lock_acquire_recursive
 .text.__retarget_lock_release_recursive
                0x000000006000b6d0       0x30 zephyr/lib/libc/newlib/liblib__libc__newlib.a(libc-hooks.c.obj)
                0x000000006000b6d0                __retarget_lock_release_recursive
 .text.usb_isr_handler
                0x000000006000b700        0xc zephyr/drivers/usb/device/libdrivers__usb__device.a(usb_dc_mcux.c.obj)
 .text.usb_mcux_init
                0x000000006000b70c       0x48 zephyr/drivers/usb/device/libdrivers__usb__device.a(usb_dc_mcux.c.obj)
 .text.usb_mcux_thread_main
                0x000000006000b754      0x260 zephyr/drivers/usb/device/libdrivers__usb__device.a(usb_dc_mcux.c.obj)
 .text.usb_dc_attach
                0x000000006000b9b4       0x80 zephyr/drivers/usb/device/libdrivers__usb__device.a(usb_dc_mcux.c.obj)
                0x000000006000b9b4                usb_dc_attach
 .text.usb_dc_set_address
                0x000000006000ba34       0x44 zephyr/drivers/usb/device/libdrivers__usb__device.a(usb_dc_mcux.c.obj)
                0x000000006000ba34                usb_dc_set_address
 .text.usb_dc_ep_check_cap
                0x000000006000ba78       0x4c zephyr/drivers/usb/device/libdrivers__usb__device.a(usb_dc_mcux.c.obj)
                0x000000006000ba78                usb_dc_ep_check_cap
 .text.usb_dc_ep_configure
                0x000000006000bac4      0x178 zephyr/drivers/usb/device/libdrivers__usb__device.a(usb_dc_mcux.c.obj)
                0x000000006000bac4                usb_dc_ep_configure
 .text.usb_dc_ep_set_stall
                0x000000006000bc3c       0x70 zephyr/drivers/usb/device/libdrivers__usb__device.a(usb_dc_mcux.c.obj)
                0x000000006000bc3c                usb_dc_ep_set_stall
 .text.usb_dc_ep_clear_stall
                0x000000006000bcac       0xd8 zephyr/drivers/usb/device/libdrivers__usb__device.a(usb_dc_mcux.c.obj)
                0x000000006000bcac                usb_dc_ep_clear_stall
 .text.usb_dc_ep_is_stalled
                0x000000006000bd84       0x84 zephyr/drivers/usb/device/libdrivers__usb__device.a(usb_dc_mcux.c.obj)
                0x000000006000bd84                usb_dc_ep_is_stalled
 .text.usb_dc_ep_enable
                0x000000006000be08       0xe4 zephyr/drivers/usb/device/libdrivers__usb__device.a(usb_dc_mcux.c.obj)
                0x000000006000be08                usb_dc_ep_enable
 .text.usb_dc_ep_disable
                0x000000006000beec       0xa0 zephyr/drivers/usb/device/libdrivers__usb__device.a(usb_dc_mcux.c.obj)
                0x000000006000beec                usb_dc_ep_disable
 .text.usb_dc_ep_write
                0x000000006000bf8c       0xac zephyr/drivers/usb/device/libdrivers__usb__device.a(usb_dc_mcux.c.obj)
                0x000000006000bf8c                usb_dc_ep_write
 .text.usb_dc_ep_read_wait
                0x000000006000c038      0x130 zephyr/drivers/usb/device/libdrivers__usb__device.a(usb_dc_mcux.c.obj)
                0x000000006000c038                usb_dc_ep_read_wait
 .text.usb_dc_ep_read_continue
                0x000000006000c168       0xe4 zephyr/drivers/usb/device/libdrivers__usb__device.a(usb_dc_mcux.c.obj)
                0x000000006000c168                usb_dc_ep_read_continue
 .text.usb_dc_ep_set_callback
                0x000000006000c24c       0x58 zephyr/drivers/usb/device/libdrivers__usb__device.a(usb_dc_mcux.c.obj)
                0x000000006000c24c                usb_dc_ep_set_callback
 .text.usb_dc_set_status_callback
                0x000000006000c2a4        0xc zephyr/drivers/usb/device/libdrivers__usb__device.a(usb_dc_mcux.c.obj)
                0x000000006000c2a4                usb_dc_set_status_callback
 .text.usb_dc_ep_mps
                0x000000006000c2b0       0x4c zephyr/drivers/usb/device/libdrivers__usb__device.a(usb_dc_mcux.c.obj)
                0x000000006000c2b0                usb_dc_ep_mps
 .text.USB_DeviceNotificationTrigger
                0x000000006000c2fc       0x14 zephyr/drivers/usb/device/libdrivers__usb__device.a(usb_dc_mcux.c.obj)
                0x000000006000c2fc                USB_DeviceNotificationTrigger
 .text.mcux_12b1msps_sar_adc_init
                0x000000006000c310       0xb4 zephyr/drivers/adc/libdrivers__adc.a(adc_mcux_12b1msps_sar.c.obj)
 .text.mcux_12b1msps_sar_adc_channel_setup
                0x000000006000c3c4       0x90 zephyr/drivers/adc/libdrivers__adc.a(adc_mcux_12b1msps_sar.c.obj)
 .text.mcux_12b1msps_sar_adc_read
                0x000000006000c454      0x148 zephyr/drivers/adc/libdrivers__adc.a(adc_mcux_12b1msps_sar.c.obj)
 .text.mcux_ccm_get_subsys_rate
                0x000000006000c59c       0xac zephyr/drivers/clock_control/libdrivers__clock_control.a(clock_control_mcux_ccm.c.obj)
 .text.uart_console_init
                0x000000006000c648       0x28 zephyr/drivers/console/libdrivers__console.a(uart_console.c.obj)
 .text.console_out
                0x000000006000c670       0x28 zephyr/drivers/console/libdrivers__console.a(uart_console.c.obj)
 .text.mcux_igpio_manage_callback
                0x000000006000c698       0xa0 zephyr/drivers/gpio/libdrivers__gpio.a(gpio_mcux_igpio.c.obj)
 .text.mcux_igpio_port_isr
                0x000000006000c738       0x60 zephyr/drivers/gpio/libdrivers__gpio.a(gpio_mcux_igpio.c.obj)
 .text.mcux_lpi2c_transfer
                0x000000006000c798       0xe8 zephyr/drivers/i2c/libdrivers__i2c.a(i2c_mcux_lpi2c.c.obj)
 .text.mcux_lpi2c_configure
                0x000000006000c880       0x6c zephyr/drivers/i2c/libdrivers__i2c.a(i2c_mcux_lpi2c.c.obj)
 .text.mcux_lpi2c_init
                0x000000006000c8ec      0x134 zephyr/drivers/i2c/libdrivers__i2c.a(i2c_mcux_lpi2c.c.obj)
 .text.pwm_mcux_init
                0x000000006000ca20       0xbc zephyr/drivers/pwm/libdrivers__pwm.a(pwm_mcux.c.obj)
 .text.mcux_pwm_set_cycles
                0x000000006000cadc      0x1b0 zephyr/drivers/pwm/libdrivers__pwm.a(pwm_mcux.c.obj)
 .text.ina219_sample_fetch
                0x000000006000cc8c      0x178 zephyr/drivers/sensor/ina219/libdrivers__sensor__ina219.a(ina219.c.obj)
 .text.ina219_init
                0x000000006000ce04       0xf8 zephyr/drivers/sensor/ina219/libdrivers__sensor__ina219.a(ina219.c.obj)
 .text.mpu6050_convert_gyro
                0x000000006000cefc       0x30 zephyr/drivers/sensor/mpu6050/libdrivers__sensor__mpu6050.a(mpu6050.c.obj)
 .text.mpu6050_sample_fetch
                0x000000006000cf2c       0xa0 zephyr/drivers/sensor/mpu6050/libdrivers__sensor__mpu6050.a(mpu6050.c.obj)
 .text.mpu6050_init
                0x000000006000cfcc      0x188 zephyr/drivers/sensor/mpu6050/libdrivers__sensor__mpu6050.a(mpu6050.c.obj)
                0x000000006000cfcc                mpu6050_init
 .text.mpu6050_channel_get
                0x000000006000d154      0x1d8 zephyr/drivers/sensor/mpu6050/libdrivers__sensor__mpu6050.a(mpu6050.c.obj)
 .text.z_impl_hwinfo_get_device_id
                0x000000006000d32c       0x70 zephyr/drivers/hwinfo/libdrivers__hwinfo.a(hwinfo_imxrt.c.obj)
                0x000000006000d32c                z_impl_hwinfo_get_device_id
 .text.elapsed  0x000000006000d39c       0x3c zephyr/drivers/timer/libdrivers__timer.a(cortex_m_systick.c.obj)
 .text.sys_clock_driver_init
                0x000000006000d3d8       0x34 zephyr/drivers/timer/libdrivers__timer.a(cortex_m_systick.c.obj)
 .text.sys_clock_isr
                0x000000006000d40c       0x44 zephyr/drivers/timer/libdrivers__timer.a(cortex_m_systick.c.obj)
                0x000000006000d40c                sys_clock_isr
 .text.sys_clock_set_timeout
                0x000000006000d450      0x148 zephyr/drivers/timer/libdrivers__timer.a(cortex_m_systick.c.obj)
                0x000000006000d450                sys_clock_set_timeout
 .text.sys_clock_elapsed
                0x000000006000d598       0xa4 zephyr/drivers/timer/libdrivers__timer.a(cortex_m_systick.c.obj)
                0x000000006000d598                sys_clock_elapsed
 .text.sys_clock_cycle_get_32
                0x000000006000d63c       0x94 zephyr/drivers/timer/libdrivers__timer.a(cortex_m_systick.c.obj)
                0x000000006000d63c                sys_clock_cycle_get_32
 .text.imx_pinctrl_init
                0x000000006000d6d0       0x50 zephyr/drivers/pinctrl/libdrivers__pinctrl.a(pinctrl_imx.c.obj)
 .text.CLOCK_GetOscFreq
                0x000000006000d720       0x20 modules/hal_nxp/hal_nxp/lib..__modules__hal__nxp.a(fsl_clock.c.obj)
 .text.CLOCK_EnableUsbhs0Clock
                0x000000006000d740       0x50 modules/hal_nxp/hal_nxp/lib..__modules__hal__nxp.a(fsl_clock.c.obj)
                0x000000006000d740                CLOCK_EnableUsbhs0Clock
 .text.CLOCK_InitArmPll
                0x000000006000d790       0x44 modules/hal_nxp/hal_nxp/lib..__modules__hal__nxp.a(fsl_clock.c.obj)
                0x000000006000d790                CLOCK_InitArmPll
 .text.CLOCK_InitUsb1Pll
                0x000000006000d7d4       0x44 modules/hal_nxp/hal_nxp/lib..__modules__hal__nxp.a(fsl_clock.c.obj)
                0x000000006000d7d4                CLOCK_InitUsb1Pll
 .text.CLOCK_EnableUsbhs0PhyPllClock
                0x000000006000d818       0x48 modules/hal_nxp/hal_nxp/lib..__modules__hal__nxp.a(fsl_clock.c.obj)
                0x000000006000d818                CLOCK_EnableUsbhs0PhyPllClock
 .text.CLOCK_GetPllFreq
                0x000000006000d860      0x204 modules/hal_nxp/hal_nxp/lib..__modules__hal__nxp.a(fsl_clock.c.obj)
                0x000000006000d860                CLOCK_GetPllFreq
 .text.CLOCK_GetSysPfdFreq
                0x000000006000da64       0x5c modules/hal_nxp/hal_nxp/lib..__modules__hal__nxp.a(fsl_clock.c.obj)
                0x000000006000da64                CLOCK_GetSysPfdFreq
 .text.CLOCK_GetPeriphClkFreq
                0x000000006000dac0       0x90 modules/hal_nxp/hal_nxp/lib..__modules__hal__nxp.a(fsl_clock.c.obj)
 .text.CLOCK_GetAhbFreq
                0x000000006000db50       0x1c modules/hal_nxp/hal_nxp/lib..__modules__hal__nxp.a(fsl_clock.c.obj)
                0x000000006000db50                CLOCK_GetAhbFreq
 .text.CLOCK_GetIpgFreq
                0x000000006000db6c       0x1c modules/hal_nxp/hal_nxp/lib..__modules__hal__nxp.a(fsl_clock.c.obj)
                0x000000006000db6c                CLOCK_GetIpgFreq
 .text.SystemInit
                0x000000006000db88       0xcc modules/hal_nxp/hal_nxp/lib..__modules__hal__nxp.a(system_MIMXRT1062.c.obj)
                0x000000006000db88                SystemInit
 .text.__NVIC_EnableIRQ
                0x000000006000dc54       0x1c modules/hal_nxp/hal_nxp/lib..__modules__hal__nxp.a(fsl_lpi2c.c.obj)
 .text.CLOCK_ControlGate
                0x000000006000dc70       0x50 modules/hal_nxp/hal_nxp/lib..__modules__hal__nxp.a(fsl_lpi2c.c.obj)
 .text.LPI2C_GetCyclesForWidth
                0x000000006000dcc0       0x64 modules/hal_nxp/hal_nxp/lib..__modules__hal__nxp.a(fsl_lpi2c.c.obj)
 .text.LPI2C_GetInstance
                0x000000006000dd24       0x50 modules/hal_nxp/hal_nxp/lib..__modules__hal__nxp.a(fsl_lpi2c.c.obj)
                0x000000006000dd24                LPI2C_GetInstance
 .text.LPI2C_MasterGetDefaultConfig
                0x000000006000dd74       0x28 modules/hal_nxp/hal_nxp/lib..__modules__hal__nxp.a(fsl_lpi2c.c.obj)
                0x000000006000dd74                LPI2C_MasterGetDefaultConfig
 .text.LPI2C_MasterInit
                0x000000006000dd9c      0x10c modules/hal_nxp/hal_nxp/lib..__modules__hal__nxp.a(fsl_lpi2c.c.obj)
                0x000000006000dd9c                LPI2C_MasterInit
 .text.LPI2C_MasterTransferCreateHandle
                0x000000006000dea8       0x78 modules/hal_nxp/hal_nxp/lib..__modules__hal__nxp.a(fsl_lpi2c.c.obj)
                0x000000006000dea8                LPI2C_MasterTransferCreateHandle
 .text.LPI2C_MasterTransferNonBlocking
                0x000000006000df20      0x130 modules/hal_nxp/hal_nxp/lib..__modules__hal__nxp.a(fsl_lpi2c.c.obj)
                0x000000006000df20                LPI2C_MasterTransferNonBlocking
 .text.LPI2C_MasterTransferAbort
                0x000000006000e050       0x34 modules/hal_nxp/hal_nxp/lib..__modules__hal__nxp.a(fsl_lpi2c.c.obj)
                0x000000006000e050                LPI2C_MasterTransferAbort
 .text.LPI2C_MasterTransferHandleIRQ
                0x000000006000e084      0x1d0 modules/hal_nxp/hal_nxp/lib..__modules__hal__nxp.a(fsl_lpi2c.c.obj)
                0x000000006000e084                LPI2C_MasterTransferHandleIRQ
 .text.CLOCK_ControlGate
                0x000000006000e254       0x50 modules/hal_nxp/hal_nxp/lib..__modules__hal__nxp.a(fsl_lpuart.c.obj)
 .text.LPUART_GetInstance
                0x000000006000e2a4       0x34 modules/hal_nxp/hal_nxp/lib..__modules__hal__nxp.a(fsl_lpuart.c.obj)
                0x000000006000e2a4                LPUART_GetInstance
 .text.LPUART_Init
                0x000000006000e2d8      0x1e8 modules/hal_nxp/hal_nxp/lib..__modules__hal__nxp.a(fsl_lpuart.c.obj)
                0x000000006000e2d8                LPUART_Init
 .text.LPUART_Deinit
                0x000000006000e4c0       0x38 modules/hal_nxp/hal_nxp/lib..__modules__hal__nxp.a(fsl_lpuart.c.obj)
                0x000000006000e4c0                LPUART_Deinit
 .text.LPUART_GetDefaultConfig
                0x000000006000e4f8       0x34 modules/hal_nxp/hal_nxp/lib..__modules__hal__nxp.a(fsl_lpuart.c.obj)
                0x000000006000e4f8                LPUART_GetDefaultConfig
 .text.LPUART_GetEnabledInterrupts
                0x000000006000e52c       0x2c modules/hal_nxp/hal_nxp/lib..__modules__hal__nxp.a(fsl_lpuart.c.obj)
                0x000000006000e52c                LPUART_GetEnabledInterrupts
 .text.LPUART_GetStatusFlags
                0x000000006000e558       0x18 modules/hal_nxp/hal_nxp/lib..__modules__hal__nxp.a(fsl_lpuart.c.obj)
                0x000000006000e558                LPUART_GetStatusFlags
 .text.LPUART_ClearStatusFlags
                0x000000006000e570       0x3c modules/hal_nxp/hal_nxp/lib..__modules__hal__nxp.a(fsl_lpuart.c.obj)
                0x000000006000e570                LPUART_ClearStatusFlags
 .text.GPIO_PinWrite
                0x000000006000e5ac       0x34 modules/hal_nxp/hal_nxp/lib..__modules__hal__nxp.a(fsl_gpio.c.obj)
                0x000000006000e5ac                GPIO_PinWrite
 .text.PWM_GetInstance
                0x000000006000e5e0       0x50 modules/hal_nxp/hal_nxp/lib..__modules__hal__nxp.a(fsl_pwm.c.obj)
 .text.CLOCK_ControlGate
                0x000000006000e630       0x50 modules/hal_nxp/hal_nxp/lib..__modules__hal__nxp.a(fsl_pwm.c.obj)
 .text.PWM_Init
                0x000000006000e680      0x144 modules/hal_nxp/hal_nxp/lib..__modules__hal__nxp.a(fsl_pwm.c.obj)
                0x000000006000e680                PWM_Init
 .text.PWM_GetDefaultConfig
                0x000000006000e7c4       0x34 modules/hal_nxp/hal_nxp/lib..__modules__hal__nxp.a(fsl_pwm.c.obj)
                0x000000006000e7c4                PWM_GetDefaultConfig
 .text.PWM_SetupPwm
                0x000000006000e7f8      0x54c modules/hal_nxp/hal_nxp/lib..__modules__hal__nxp.a(fsl_pwm.c.obj)
                0x000000006000e7f8                PWM_SetupPwm
 .text.PWM_UpdatePwmDutycycleHighAccuracy
                0x000000006000ed44      0x11c modules/hal_nxp/hal_nxp/lib..__modules__hal__nxp.a(fsl_pwm.c.obj)
                0x000000006000ed44                PWM_UpdatePwmDutycycleHighAccuracy
 .text.PWM_UpdatePwmDutycycle
                0x000000006000ee60       0x50 modules/hal_nxp/hal_nxp/lib..__modules__hal__nxp.a(fsl_pwm.c.obj)
                0x000000006000ee60                PWM_UpdatePwmDutycycle
 .text.ADC_GetInstance
                0x000000006000eeb0       0x38 modules/hal_nxp/hal_nxp/lib..__modules__hal__nxp.a(fsl_adc.c.obj)
 .text.CLOCK_ControlGate
                0x000000006000eee8       0x50 modules/hal_nxp/hal_nxp/lib..__modules__hal__nxp.a(fsl_adc.c.obj)
 .text.ADC_Init
                0x000000006000ef38       0xa8 modules/hal_nxp/hal_nxp/lib..__modules__hal__nxp.a(fsl_adc.c.obj)
                0x000000006000ef38                ADC_Init
 .text.ADC_GetDefaultConfig
                0x000000006000efe0       0x3c modules/hal_nxp/hal_nxp/lib..__modules__hal__nxp.a(fsl_adc.c.obj)
                0x000000006000efe0                ADC_GetDefaultConfig
 .text.ADC_SetChannelConfig
                0x000000006000f01c       0x40 modules/hal_nxp/hal_nxp/lib..__modules__hal__nxp.a(fsl_adc.c.obj)
                0x000000006000f01c                ADC_SetChannelConfig
 .text.DCACHE_CleanByRange
                0x000000006000f05c       0x2c modules/hal_nxp/hal_nxp/lib..__modules__hal__nxp.a(fsl_cache.c.obj)
                0x000000006000f05c                DCACHE_CleanByRange
 .text.USB_EhciPhyGetBase
                0x000000006000f088       0x70 modules/hal_nxp/hal_nxp/lib..__modules__hal__nxp.a(usb_phy.c.obj)
                0x000000006000f088                USB_EhciPhyGetBase
 .text.USB_DeviceEhciTransfer
                0x000000006000f0f8      0x218 modules/hal_nxp/hal_nxp/lib..__modules__hal__nxp.a(usb_device_ehci.c.obj)
 .text.USB_DeviceEhciCancelControlPipe
                0x000000006000f310       0xd4 modules/hal_nxp/hal_nxp/lib..__modules__hal__nxp.a(usb_device_ehci.c.obj)
 .text.USB_DeviceEhciInit
                0x000000006000f3e4       0xac modules/hal_nxp/hal_nxp/lib..__modules__hal__nxp.a(usb_device_ehci.c.obj)
                0x000000006000f3e4                USB_DeviceEhciInit
 .text.USB_DeviceEhciDeinit
                0x000000006000f490       0x44 modules/hal_nxp/hal_nxp/lib..__modules__hal__nxp.a(usb_device_ehci.c.obj)
                0x000000006000f490                USB_DeviceEhciDeinit
 .text.USB_DeviceEhciCancel
                0x000000006000f4d4      0x150 modules/hal_nxp/hal_nxp/lib..__modules__hal__nxp.a(usb_device_ehci.c.obj)
                0x000000006000f4d4                USB_DeviceEhciCancel
 .text.z_impl_z_errno
                0x000000006000f624        0xc zephyr/kernel/libkernel.a(errno.c.obj)
                0x000000006000f624                z_impl_z_errno
 .text.k_sys_fatal_error_handler
                0x000000006000f630       0x30 zephyr/kernel/libkernel.a(fatal.c.obj)
                0x000000006000f630                k_sys_fatal_error_handler
 .text.z_fatal_error
                0x000000006000f660      0x12c zephyr/kernel/libkernel.a(fatal.c.obj)
                0x000000006000f660                z_fatal_error
 .text.z_sys_init_run_level
                0x000000006000f78c       0x44 zephyr/kernel/libkernel.a(init.c.obj)
 .text.bg_thread_main
                0x000000006000f7d0       0x34 zephyr/kernel/libkernel.a(init.c.obj)
 .text.z_bss_zero
                0x000000006000f804       0x2c zephyr/kernel/libkernel.a(init.c.obj)
                0x000000006000f804                z_bss_zero
 .text.z_init_cpu
                0x000000006000f830       0x70 zephyr/kernel/libkernel.a(init.c.obj)
                0x000000006000f830                z_init_cpu
 .text.z_cstart
                0x000000006000f8a0       0xd8 zephyr/kernel/libkernel.a(init.c.obj)
                0x000000006000f8a0                z_cstart
 .text.statics_init
                0x000000006000f978       0x50 zephyr/kernel/libkernel.a(kheap.c.obj)
 .text.k_heap_aligned_alloc
                0x000000006000f9c8      0x140 zephyr/kernel/libkernel.a(kheap.c.obj)
                0x000000006000f9c8                k_heap_aligned_alloc
 .text.k_heap_free
                0x000000006000fb08       0xa4 zephyr/kernel/libkernel.a(kheap.c.obj)
                0x000000006000fb08                k_heap_free
 .text.z_setup_new_thread
                0x000000006000fbac       0xb0 zephyr/kernel/libkernel.a(thread.c.obj)
                0x000000006000fbac                z_setup_new_thread
 .text.z_impl_k_thread_create
                0x000000006000fc5c       0x8c zephyr/kernel/libkernel.a(thread.c.obj)
                0x000000006000fc5c                z_impl_k_thread_create
 .text.z_init_static_threads
                0x000000006000fce8       0xe4 zephyr/kernel/libkernel.a(thread.c.obj)
                0x000000006000fce8                z_init_static_threads
 .text.z_spin_lock_valid
                0x000000006000fdcc       0x1c zephyr/kernel/libkernel.a(thread.c.obj)
                0x000000006000fdcc                z_spin_lock_valid
 .text.z_spin_unlock_valid
                0x000000006000fde8       0x1c zephyr/kernel/libkernel.a(thread.c.obj)
                0x000000006000fde8                z_spin_unlock_valid
 .text.z_spin_lock_set_owner
                0x000000006000fe04       0x10 zephyr/kernel/libkernel.a(thread.c.obj)
                0x000000006000fe04                z_spin_lock_set_owner
 .text.idle     0x000000006000fe14       0x48 zephyr/kernel/libkernel.a(idle.c.obj)
                0x000000006000fe14                idle
 .text.z_impl_k_msgq_put
                0x000000006000fe5c      0x13c zephyr/kernel/libkernel.a(msg_q.c.obj)
                0x000000006000fe5c                z_impl_k_msgq_put
 .text.z_impl_k_msgq_get
                0x000000006000ff98      0x158 zephyr/kernel/libkernel.a(msg_q.c.obj)
                0x000000006000ff98                z_impl_k_msgq_get
 .text.z_impl_k_mutex_lock
                0x00000000600100f0      0x1a0 zephyr/kernel/libkernel.a(mutex.c.obj)
                0x00000000600100f0                z_impl_k_mutex_lock
 .text.z_impl_k_mutex_unlock
                0x0000000060010290      0x11c zephyr/kernel/libkernel.a(mutex.c.obj)
                0x0000000060010290                z_impl_k_mutex_unlock
 .text.z_impl_k_sem_give
                0x00000000600103ac       0x7c zephyr/kernel/libkernel.a(sem.c.obj)
                0x00000000600103ac                z_impl_k_sem_give
 .text.z_impl_k_sem_take
                0x0000000060010428       0xf4 zephyr/kernel/libkernel.a(sem.c.obj)
                0x0000000060010428                z_impl_k_sem_take
 .text.work_queue_main
                0x000000006001051c      0x1e8 zephyr/kernel/libkernel.a(work.c.obj)
 .text.submit_to_queue_locked
                0x0000000060010704       0xd8 zephyr/kernel/libkernel.a(work.c.obj)
 .text.work_timeout
                0x00000000600107dc       0xa4 zephyr/kernel/libkernel.a(work.c.obj)
 .text.k_work_init
                0x0000000060010880       0x4c zephyr/kernel/libkernel.a(work.c.obj)
                0x0000000060010880                k_work_init
 .text.z_work_submit_to_queue
                0x00000000600108cc       0xb4 zephyr/kernel/libkernel.a(work.c.obj)
                0x00000000600108cc                z_work_submit_to_queue
 .text.k_work_queue_init
                0x0000000060010980       0x34 zephyr/kernel/libkernel.a(work.c.obj)
                0x0000000060010980                k_work_queue_init
 .text.k_work_queue_start
                0x00000000600109b4       0xd0 zephyr/kernel/libkernel.a(work.c.obj)
                0x00000000600109b4                k_work_queue_start
 .text.k_work_init_delayable
                0x0000000060010a84       0x58 zephyr/kernel/libkernel.a(work.c.obj)
                0x0000000060010a84                k_work_init_delayable
 .text.k_work_schedule_for_queue
                0x0000000060010adc       0xec zephyr/kernel/libkernel.a(work.c.obj)
                0x0000000060010adc                k_work_schedule_for_queue
 .text.z_reset_time_slice
                0x0000000060010bc8       0x28 zephyr/kernel/libkernel.a(sched.c.obj)
                0x0000000060010bc8                z_reset_time_slice
 .text.update_cache
                0x0000000060010bf0       0x68 zephyr/kernel/libkernel.a(sched.c.obj)
 .text.ready_thread
                0x0000000060010c58       0x94 zephyr/kernel/libkernel.a(sched.c.obj)
 .text.k_sched_time_slice_set
                0x0000000060010cec       0xb8 zephyr/kernel/libkernel.a(sched.c.obj)
                0x0000000060010cec                k_sched_time_slice_set
 .text.z_ready_thread
                0x0000000060010da4       0x8c zephyr/kernel/libkernel.a(sched.c.obj)
                0x0000000060010da4                z_ready_thread
 .text.z_unpend_thread_no_timeout
                0x0000000060010e30       0x90 zephyr/kernel/libkernel.a(sched.c.obj)
                0x0000000060010e30                z_unpend_thread_no_timeout
 .text.z_reschedule
                0x0000000060010ec0       0x84 zephyr/kernel/libkernel.a(sched.c.obj)
                0x0000000060010ec0                z_reschedule
 .text.z_sched_start
                0x0000000060010f44       0xa4 zephyr/kernel/libkernel.a(sched.c.obj)
                0x0000000060010f44                z_sched_start
 .text.k_sched_lock
                0x0000000060010fe8       0xd8 zephyr/kernel/libkernel.a(sched.c.obj)
                0x0000000060010fe8                k_sched_lock
 .text.k_sched_unlock
                0x00000000600110c0       0xe8 zephyr/kernel/libkernel.a(sched.c.obj)
                0x00000000600110c0                k_sched_unlock
 .text.z_priq_dumb_remove
                0x00000000600111a8       0x40 zephyr/kernel/libkernel.a(sched.c.obj)
                0x00000000600111a8                z_priq_dumb_remove
 .text.move_thread_to_end_of_prio_q
                0x00000000600111e8       0xa4 zephyr/kernel/libkernel.a(sched.c.obj)
 .text.z_time_slice
                0x000000006001128c       0xec zephyr/kernel/libkernel.a(sched.c.obj)
                0x000000006001128c                z_time_slice
 .text.unready_thread
                0x0000000060011378       0x38 zephyr/kernel/libkernel.a(sched.c.obj)
 .text.add_to_waitq_locked
                0x00000000600113b0       0x7c zephyr/kernel/libkernel.a(sched.c.obj)
 .text.pend_locked
                0x000000006001142c       0x30 zephyr/kernel/libkernel.a(sched.c.obj)
 .text.z_pend_curr
                0x000000006001145c       0xec zephyr/kernel/libkernel.a(sched.c.obj)
                0x000000006001145c                z_pend_curr
 .text.z_set_prio
                0x0000000060011548      0x124 zephyr/kernel/libkernel.a(sched.c.obj)
                0x0000000060011548                z_set_prio
 .text.z_impl_k_thread_suspend
                0x000000006001166c       0xd0 zephyr/kernel/libkernel.a(sched.c.obj)
                0x000000006001166c                z_impl_k_thread_suspend
 .text.unpend_thread_no_timeout
                0x000000006001173c       0x40 zephyr/kernel/libkernel.a(sched.c.obj)
 .text.z_unpend_thread
                0x000000006001177c       0x98 zephyr/kernel/libkernel.a(sched.c.obj)
                0x000000006001177c                z_unpend_thread
 .text.z_thread_timeout
                0x0000000060011814       0xb0 zephyr/kernel/libkernel.a(sched.c.obj)
                0x0000000060011814                z_thread_timeout
 .text.z_unpend1_no_timeout
                0x00000000600118c4       0x98 zephyr/kernel/libkernel.a(sched.c.obj)
                0x00000000600118c4                z_unpend1_no_timeout
 .text.z_unpend_first_thread
                0x000000006001195c       0xa0 zephyr/kernel/libkernel.a(sched.c.obj)
                0x000000006001195c                z_unpend_first_thread
 .text.z_sched_init
                0x00000000600119fc       0x18 zephyr/kernel/libkernel.a(sched.c.obj)
                0x00000000600119fc                z_sched_init
 .text.z_impl_k_yield
                0x0000000060011a14      0x130 zephyr/kernel/libkernel.a(sched.c.obj)
                0x0000000060011a14                z_impl_k_yield
 .text.z_tick_sleep
                0x0000000060011b44      0x144 zephyr/kernel/libkernel.a(sched.c.obj)
 .text.z_impl_k_sleep
                0x0000000060011c88       0x64 zephyr/kernel/libkernel.a(sched.c.obj)
                0x0000000060011c88                z_impl_k_sleep
 .text.z_impl_z_current_get
                0x0000000060011cec        0xc zephyr/kernel/libkernel.a(sched.c.obj)
                0x0000000060011cec                z_impl_z_current_get
 .text.z_thread_abort
                0x0000000060011cf8      0x190 zephyr/kernel/libkernel.a(sched.c.obj)
                0x0000000060011cf8                z_thread_abort
 .text.z_sched_wake
                0x0000000060011e88       0xbc zephyr/kernel/libkernel.a(sched.c.obj)
                0x0000000060011e88                z_sched_wake
 .text.z_sched_wait
                0x0000000060011f44       0x24 zephyr/kernel/libkernel.a(sched.c.obj)
                0x0000000060011f44                z_sched_wait
 .text.z_data_copy
                0x0000000060011f68       0x64 zephyr/kernel/libkernel.a(xip.c.obj)
                0x0000000060011f68                z_data_copy
 .text.elapsed  0x0000000060011fcc       0x14 zephyr/kernel/libkernel.a(timeout.c.obj)
 .text.next_timeout
                0x0000000060011fe0       0x50 zephyr/kernel/libkernel.a(timeout.c.obj)
 .text.remove_timeout
                0x0000000060012030       0x38 zephyr/kernel/libkernel.a(timeout.c.obj)
 .text.z_add_timeout
                0x0000000060012068      0x18c zephyr/kernel/libkernel.a(timeout.c.obj)
                0x0000000060012068                z_add_timeout
 .text.z_abort_timeout
                0x00000000600121f4       0x98 zephyr/kernel/libkernel.a(timeout.c.obj)
                0x00000000600121f4                z_abort_timeout
 .text.z_set_timeout_expiry
                0x000000006001228c       0xa0 zephyr/kernel/libkernel.a(timeout.c.obj)
                0x000000006001228c                z_set_timeout_expiry
 .text.sys_clock_announce
                0x000000006001232c      0x15c zephyr/kernel/libkernel.a(timeout.c.obj)
                0x000000006001232c                sys_clock_announce
 .text.sys_clock_tick_get
                0x0000000060012488       0x9c zephyr/kernel/libkernel.a(timeout.c.obj)
                0x0000000060012488                sys_clock_tick_get
 .text.z_impl_k_busy_wait
                0x0000000060012524       0x30 zephyr/kernel/libkernel.a(timeout.c.obj)
                0x0000000060012524                z_impl_k_busy_wait
 .text.z_timer_expiration_handler
                0x0000000060012554      0x164 zephyr/kernel/libkernel.a(timer.c.obj)
                0x0000000060012554                z_timer_expiration_handler
 .text.z_impl_k_timer_start
                0x00000000600126b8       0x98 zephyr/kernel/libkernel.a(timer.c.obj)
                0x00000000600126b8                z_impl_k_timer_start
 .text.z_impl_k_timer_status_sync
                0x0000000060012750       0xf8 zephyr/kernel/libkernel.a(timer.c.obj)
                0x0000000060012750                z_impl_k_timer_status_sync
 .text.k_thread_system_pool_assign
                0x0000000060012848        0xc zephyr/kernel/libkernel.a(mempool.c.obj)
                0x0000000060012848                k_thread_system_pool_assign
 .text.boot_banner
                0x0000000060012854        0xc zephyr/kernel/libkernel.a(banner.c.obj)
                0x0000000060012854                boot_banner
 .text.k_sys_work_q_init
                0x0000000060012860       0x34 zephyr/kernel/libkernel.a(system_work_q.c.obj)
 .text.pow      0x0000000060012894      0x17c /Users/michaeljenz/zephyr-sdk-0.16.1/arm-zephyr-eabi/arm-zephyr-eabi/lib/thumb/v7e-m/nofp/libm.a(lib_a-w_pow.o)
                0x0000000060012894                pow
 .text.sqrt     0x0000000060012a10       0x5c /Users/michaeljenz/zephyr-sdk-0.16.1/arm-zephyr-eabi/arm-zephyr-eabi/lib/thumb/v7e-m/nofp/libm.a(lib_a-w_sqrt.o)
                0x0000000060012a10                sqrt
 .text.__ieee754_sqrt
                0x0000000060012a6c      0x184 /Users/michaeljenz/zephyr-sdk-0.16.1/arm-zephyr-eabi/arm-zephyr-eabi/lib/thumb/v7e-m/nofp/libm.a(lib_a-e_sqrt.o)
                0x0000000060012a6c                __ieee754_sqrt
 .text.fabs     0x0000000060012bf0        0x8 /Users/michaeljenz/zephyr-sdk-0.16.1/arm-zephyr-eabi/arm-zephyr-eabi/lib/thumb/v7e-m/nofp/libm.a(lib_a-s_fabs.o)
                0x0000000060012bf0                fabs
 .text.finite   0x0000000060012bf8        0xc /Users/michaeljenz/zephyr-sdk-0.16.1/arm-zephyr-eabi/arm-zephyr-eabi/lib/thumb/v7e-m/nofp/libm.a(lib_a-s_finite.o)
                0x0000000060012bf8                finite
 .text.nan      0x0000000060012c04        0xc /Users/michaeljenz/zephyr-sdk-0.16.1/arm-zephyr-eabi/arm-zephyr-eabi/lib/thumb/v7e-m/nofp/libm.a(lib_a-s_nan.o)
                0x0000000060012c04                nan
 .text.rint     0x0000000060012c10      0x130 /Users/michaeljenz/zephyr-sdk-0.16.1/arm-zephyr-eabi/arm-zephyr-eabi/lib/thumb/v7e-m/nofp/libm.a(lib_a-s_rint.o)
                0x0000000060012c10                rint
 .text.__assert_func
                0x0000000060012d40       0x40 /Users/michaeljenz/zephyr-sdk-0.16.1/arm-zephyr-eabi/arm-zephyr-eabi/lib/thumb/v7e-m/nofp/libc.a(lib_a-assert.o)
                0x0000000060012d40                __assert_func
 .text.fiprintf
                0x0000000060012d80       0x28 /Users/michaeljenz/zephyr-sdk-0.16.1/arm-zephyr-eabi/arm-zephyr-eabi/lib/thumb/v7e-m/nofp/libc.a(lib_a-fiprintf.o)
                0x0000000060012d80                fiprintf
 .text.malloc   0x0000000060012da8       0x10 /Users/michaeljenz/zephyr-sdk-0.16.1/arm-zephyr-eabi/arm-zephyr-eabi/lib/thumb/v7e-m/nofp/libc.a(lib_a-malloc.o)
                0x0000000060012da8                malloc
 .text.free     0x0000000060012db8       0x10 /Users/michaeljenz/zephyr-sdk-0.16.1/arm-zephyr-eabi/arm-zephyr-eabi/lib/thumb/v7e-m/nofp/libc.a(lib_a-malloc.o)
                0x0000000060012db8                free
 .text._malloc_r
                0x0000000060012dc8      0x578 /Users/michaeljenz/zephyr-sdk-0.16.1/arm-zephyr-eabi/arm-zephyr-eabi/lib/thumb/v7e-m/nofp/libc.a(lib_a-mallocr.o)
                0x0000000060012dc8                _malloc_r
 .text.memset   0x0000000060013340       0xa4 /Users/michaeljenz/zephyr-sdk-0.16.1/arm-zephyr-eabi/arm-zephyr-eabi/lib/thumb/v7e-m/nofp/libc.a(lib_a-memset.o)
                0x0000000060013340                memset
 .text.__malloc_lock
                0x00000000600133e4        0xc /Users/michaeljenz/zephyr-sdk-0.16.1/arm-zephyr-eabi/arm-zephyr-eabi/lib/thumb/v7e-m/nofp/libc.a(lib_a-mlock.o)
                0x00000000600133e4                __malloc_lock
 .text.__malloc_unlock
                0x00000000600133f0        0xc /Users/michaeljenz/zephyr-sdk-0.16.1/arm-zephyr-eabi/arm-zephyr-eabi/lib/thumb/v7e-m/nofp/libc.a(lib_a-mlock.o)
                0x00000000600133f0                __malloc_unlock
 .text.printf   0x00000000600133fc       0x28 /Users/michaeljenz/zephyr-sdk-0.16.1/arm-zephyr-eabi/arm-zephyr-eabi/lib/thumb/v7e-m/nofp/libc.a(lib_a-printf.o)
                0x00000000600133fc                printf
 .text._sbrk_r  0x0000000060013424       0x24 /Users/michaeljenz/zephyr-sdk-0.16.1/arm-zephyr-eabi/arm-zephyr-eabi/lib/thumb/v7e-m/nofp/libc.a(lib_a-sbrkr.o)
                0x0000000060013424                _sbrk_r
 .text.strnlen  0x0000000060013448       0x24 /Users/michaeljenz/zephyr-sdk-0.16.1/arm-zephyr-eabi/arm-zephyr-eabi/lib/thumb/v7e-m/nofp/libc.a(lib_a-strnlen.o)
                0x0000000060013448                strnlen
 .text.__sprint_r
                0x000000006001346c       0x20 /Users/michaeljenz/zephyr-sdk-0.16.1/arm-zephyr-eabi/arm-zephyr-eabi/lib/thumb/v7e-m/nofp/libc.a(lib_a-vfiprintf.o)
                0x000000006001346c                __sprint_r
 .text._vfiprintf_r
                0x000000006001348c      0xd98 /Users/michaeljenz/zephyr-sdk-0.16.1/arm-zephyr-eabi/arm-zephyr-eabi/lib/thumb/v7e-m/nofp/libc.a(lib_a-vfiprintf.o)
                0x000000006001348c                _vfiprintf_r
 .text.__sbprintf
                0x0000000060014224       0x80 /Users/michaeljenz/zephyr-sdk-0.16.1/arm-zephyr-eabi/arm-zephyr-eabi/lib/thumb/v7e-m/nofp/libc.a(lib_a-vfiprintf.o)
 .text._vfprintf_r
                0x00000000600142a4     0x1aa0 /Users/michaeljenz/zephyr-sdk-0.16.1/arm-zephyr-eabi/arm-zephyr-eabi/lib/thumb/v7e-m/nofp/libc.a(lib_a-vfprintf.o)
                0x00000000600142a4                _vfprintf_r
 .text.__sbprintf
                0x0000000060015d44       0x80 /Users/michaeljenz/zephyr-sdk-0.16.1/arm-zephyr-eabi/arm-zephyr-eabi/lib/thumb/v7e-m/nofp/libc.a(lib_a-vfprintf.o)
 .text.__swsetup_r
                0x0000000060015dc4       0xc4 /Users/michaeljenz/zephyr-sdk-0.16.1/arm-zephyr-eabi/arm-zephyr-eabi/lib/thumb/v7e-m/nofp/libc.a(lib_a-wsetup.o)
                0x0000000060015dc4                __swsetup_r
 .text.abort    0x0000000060015e88       0x10 /Users/michaeljenz/zephyr-sdk-0.16.1/arm-zephyr-eabi/arm-zephyr-eabi/lib/thumb/v7e-m/nofp/libc.a(lib_a-abort.o)
                0x0000000060015e88                abort
 .text.quorem   0x0000000060015e98      0x12c /Users/michaeljenz/zephyr-sdk-0.16.1/arm-zephyr-eabi/arm-zephyr-eabi/lib/thumb/v7e-m/nofp/libc.a(lib_a-dtoa.o)
 .text.__sflush_r
                0x0000000060015fc4      0x110 /Users/michaeljenz/zephyr-sdk-0.16.1/arm-zephyr-eabi/arm-zephyr-eabi/lib/thumb/v7e-m/nofp/libc.a(lib_a-fflush.o)
                0x0000000060015fc4                __sflush_r
 .text._fflush_r
                0x00000000600160d4       0x5c /Users/michaeljenz/zephyr-sdk-0.16.1/arm-zephyr-eabi/arm-zephyr-eabi/lib/thumb/v7e-m/nofp/libc.a(lib_a-fflush.o)
                0x00000000600160d4                _fflush_r
 .text._cleanup_r
                0x0000000060016130        0xc /Users/michaeljenz/zephyr-sdk-0.16.1/arm-zephyr-eabi/arm-zephyr-eabi/lib/thumb/v7e-m/nofp/libc.a(lib_a-findfp.o)
                0x0000000060016130                _cleanup_r
 .text.__sinit  0x000000006001613c      0x10c /Users/michaeljenz/zephyr-sdk-0.16.1/arm-zephyr-eabi/arm-zephyr-eabi/lib/thumb/v7e-m/nofp/libc.a(lib_a-findfp.o)
                0x000000006001613c                __sinit
 .text._malloc_trim_r
                0x0000000060016248       0x9c /Users/michaeljenz/zephyr-sdk-0.16.1/arm-zephyr-eabi/arm-zephyr-eabi/lib/thumb/v7e-m/nofp/libc.a(lib_a-freer.o)
                0x0000000060016248                _malloc_trim_r
 .text._free_r  0x00000000600162e4      0x1fc /Users/michaeljenz/zephyr-sdk-0.16.1/arm-zephyr-eabi/arm-zephyr-eabi/lib/thumb/v7e-m/nofp/libc.a(lib_a-freer.o)
                0x00000000600162e4                _free_r
 .text.__sfvwrite_r
                0x00000000600164e0      0x2f8 /Users/michaeljenz/zephyr-sdk-0.16.1/arm-zephyr-eabi/arm-zephyr-eabi/lib/thumb/v7e-m/nofp/libc.a(lib_a-fvwrite.o)
                0x00000000600164e0                __sfvwrite_r
 .text._fwalk_reent
                0x00000000600167d8       0x48 /Users/michaeljenz/zephyr-sdk-0.16.1/arm-zephyr-eabi/arm-zephyr-eabi/lib/thumb/v7e-m/nofp/libc.a(lib_a-fwalk.o)
                0x00000000600167d8                _fwalk_reent
 .text._localeconv_r
                0x0000000060016820        0x8 /Users/michaeljenz/zephyr-sdk-0.16.1/arm-zephyr-eabi/arm-zephyr-eabi/lib/thumb/v7e-m/nofp/libc.a(lib_a-localeconv.o)
                0x0000000060016820                _localeconv_r
 .text.__smakebuf_r
                0x0000000060016828       0xc4 /Users/michaeljenz/zephyr-sdk-0.16.1/arm-zephyr-eabi/arm-zephyr-eabi/lib/thumb/v7e-m/nofp/libc.a(lib_a-makebuf.o)
                0x0000000060016828                __smakebuf_r
 .text.memmove  0x00000000600168ec      0x100 /Users/michaeljenz/zephyr-sdk-0.16.1/arm-zephyr-eabi/arm-zephyr-eabi/lib/thumb/v7e-m/nofp/libc.a(lib_a-memmove.o)
                0x00000000600168ec                memmove
 .text._Balloc  0x00000000600169ec       0x4c /Users/michaeljenz/zephyr-sdk-0.16.1/arm-zephyr-eabi/arm-zephyr-eabi/lib/thumb/v7e-m/nofp/libc.a(lib_a-mprec.o)
                0x00000000600169ec                _Balloc
 .text._Bfree   0x0000000060016a38       0x14 /Users/michaeljenz/zephyr-sdk-0.16.1/arm-zephyr-eabi/arm-zephyr-eabi/lib/thumb/v7e-m/nofp/libc.a(lib_a-mprec.o)
                0x0000000060016a38                _Bfree
 .text.__multadd
                0x0000000060016a4c       0xa0 /Users/michaeljenz/zephyr-sdk-0.16.1/arm-zephyr-eabi/arm-zephyr-eabi/lib/thumb/v7e-m/nofp/libc.a(lib_a-mprec.o)
                0x0000000060016a4c                __multadd
 .text.__hi0bits
                0x0000000060016aec       0x44 /Users/michaeljenz/zephyr-sdk-0.16.1/arm-zephyr-eabi/arm-zephyr-eabi/lib/thumb/v7e-m/nofp/libc.a(lib_a-mprec.o)
                0x0000000060016aec                __hi0bits
 .text.__lo0bits
                0x0000000060016b30       0x60 /Users/michaeljenz/zephyr-sdk-0.16.1/arm-zephyr-eabi/arm-zephyr-eabi/lib/thumb/v7e-m/nofp/libc.a(lib_a-mprec.o)
                0x0000000060016b30                __lo0bits
 .text.__i2b    0x0000000060016b90       0x5c /Users/michaeljenz/zephyr-sdk-0.16.1/arm-zephyr-eabi/arm-zephyr-eabi/lib/thumb/v7e-m/nofp/libc.a(lib_a-mprec.o)
                0x0000000060016b90                __i2b
 .text.__multiply
                0x0000000060016bec      0x16c /Users/michaeljenz/zephyr-sdk-0.16.1/arm-zephyr-eabi/arm-zephyr-eabi/lib/thumb/v7e-m/nofp/libc.a(lib_a-mprec.o)
                0x0000000060016bec                __multiply
 .text.__pow5mult
                0x0000000060016d58       0xb4 /Users/michaeljenz/zephyr-sdk-0.16.1/arm-zephyr-eabi/arm-zephyr-eabi/lib/thumb/v7e-m/nofp/libc.a(lib_a-mprec.o)
                0x0000000060016d58                __pow5mult
 .text.__lshift
                0x0000000060016e0c       0xf0 /Users/michaeljenz/zephyr-sdk-0.16.1/arm-zephyr-eabi/arm-zephyr-eabi/lib/thumb/v7e-m/nofp/libc.a(lib_a-mprec.o)
                0x0000000060016e0c                __lshift
 .text.__mcmp   0x0000000060016efc       0x40 /Users/michaeljenz/zephyr-sdk-0.16.1/arm-zephyr-eabi/arm-zephyr-eabi/lib/thumb/v7e-m/nofp/libc.a(lib_a-mprec.o)
                0x0000000060016efc                __mcmp
 .text.__mdiff  0x0000000060016f3c      0x164 /Users/michaeljenz/zephyr-sdk-0.16.1/arm-zephyr-eabi/arm-zephyr-eabi/lib/thumb/v7e-m/nofp/libc.a(lib_a-mprec.o)
                0x0000000060016f3c                __mdiff
 .text.__d2b    0x00000000600170a0       0xbc /Users/michaeljenz/zephyr-sdk-0.16.1/arm-zephyr-eabi/arm-zephyr-eabi/lib/thumb/v7e-m/nofp/libc.a(lib_a-mprec.o)
                0x00000000600170a0                __d2b
 .text._realloc_r
                0x000000006001715c      0x344 /Users/michaeljenz/zephyr-sdk-0.16.1/arm-zephyr-eabi/arm-zephyr-eabi/lib/thumb/v7e-m/nofp/libc.a(lib_a-reallocr.o)
                0x000000006001715c                _realloc_r
 .text.frexp    0x00000000600174a0       0x70 /Users/michaeljenz/zephyr-sdk-0.16.1/arm-zephyr-eabi/arm-zephyr-eabi/lib/thumb/v7e-m/nofp/libc.a(lib_a-s_frexp.o)
                0x00000000600174a0                frexp
 .text.raise    0x0000000060017510       0x58 /Users/michaeljenz/zephyr-sdk-0.16.1/arm-zephyr-eabi/arm-zephyr-eabi/lib/thumb/v7e-m/nofp/libc.a(lib_a-signal.o)
                0x0000000060017510                raise
 .text._kill_r  0x0000000060017568       0x2c /Users/michaeljenz/zephyr-sdk-0.16.1/arm-zephyr-eabi/arm-zephyr-eabi/lib/thumb/v7e-m/nofp/libc.a(lib_a-signalr.o)
                0x0000000060017568                _kill_r
 .text._getpid_r
                0x0000000060017594        0x4 /Users/michaeljenz/zephyr-sdk-0.16.1/arm-zephyr-eabi/arm-zephyr-eabi/lib/thumb/v7e-m/nofp/libc.a(lib_a-signalr.o)
                0x0000000060017594                _getpid_r
 .text.__sread  0x0000000060017598       0x24 /Users/michaeljenz/zephyr-sdk-0.16.1/arm-zephyr-eabi/arm-zephyr-eabi/lib/thumb/v7e-m/nofp/libc.a(lib_a-stdio.o)
                0x0000000060017598                __sread
 .text.__swrite
                0x00000000600175bc       0x40 /Users/michaeljenz/zephyr-sdk-0.16.1/arm-zephyr-eabi/arm-zephyr-eabi/lib/thumb/v7e-m/nofp/libc.a(lib_a-stdio.o)
                0x00000000600175bc                __swrite
 .text.__sseek  0x00000000600175fc       0x24 /Users/michaeljenz/zephyr-sdk-0.16.1/arm-zephyr-eabi/arm-zephyr-eabi/lib/thumb/v7e-m/nofp/libc.a(lib_a-stdio.o)
                0x00000000600175fc                __sseek
 .text.__sclose
                0x0000000060017620        0x8 /Users/michaeljenz/zephyr-sdk-0.16.1/arm-zephyr-eabi/arm-zephyr-eabi/lib/thumb/v7e-m/nofp/libc.a(lib_a-stdio.o)
                0x0000000060017620                __sclose
 .text.strncpy  0x0000000060017628       0x68 /Users/michaeljenz/zephyr-sdk-0.16.1/arm-zephyr-eabi/arm-zephyr-eabi/lib/thumb/v7e-m/nofp/libc.a(lib_a-strncpy.o)
                0x0000000060017628                strncpy
 .text._write_r
                0x0000000060017690       0x2c /Users/michaeljenz/zephyr-sdk-0.16.1/arm-zephyr-eabi/arm-zephyr-eabi/lib/thumb/v7e-m/nofp/libc.a(lib_a-writer.o)
                0x0000000060017690                _write_r
 .text._calloc_r
                0x00000000600176bc       0x60 /Users/michaeljenz/zephyr-sdk-0.16.1/arm-zephyr-eabi/arm-zephyr-eabi/lib/thumb/v7e-m/nofp/libc.a(lib_a-callocr.o)
                0x00000000600176bc                _calloc_r
 .text._close_r
                0x000000006001771c       0x24 /Users/michaeljenz/zephyr-sdk-0.16.1/arm-zephyr-eabi/arm-zephyr-eabi/lib/thumb/v7e-m/nofp/libc.a(lib_a-closer.o)
                0x000000006001771c                _close_r
 .text._fstat_r
                0x0000000060017740       0x2c /Users/michaeljenz/zephyr-sdk-0.16.1/arm-zephyr-eabi/arm-zephyr-eabi/lib/thumb/v7e-m/nofp/libc.a(lib_a-fstatr.o)
                0x0000000060017740                _fstat_r
 .text._isatty_r
                0x000000006001776c       0x24 /Users/michaeljenz/zephyr-sdk-0.16.1/arm-zephyr-eabi/arm-zephyr-eabi/lib/thumb/v7e-m/nofp/libc.a(lib_a-isattyr.o)
                0x000000006001776c                _isatty_r
 .text._lseek_r
                0x0000000060017790       0x2c /Users/michaeljenz/zephyr-sdk-0.16.1/arm-zephyr-eabi/arm-zephyr-eabi/lib/thumb/v7e-m/nofp/libc.a(lib_a-lseekr.o)
                0x0000000060017790                _lseek_r
 .text.__ascii_mbtowc
                0x00000000600177bc       0x2c /Users/michaeljenz/zephyr-sdk-0.16.1/arm-zephyr-eabi/arm-zephyr-eabi/lib/thumb/v7e-m/nofp/libc.a(lib_a-mbtowc_r.o)
                0x00000000600177bc                __ascii_mbtowc
 .text._read_r  0x00000000600177e8       0x2c /Users/michaeljenz/zephyr-sdk-0.16.1/arm-zephyr-eabi/arm-zephyr-eabi/lib/thumb/v7e-m/nofp/libc.a(lib_a-readr.o)
                0x00000000600177e8                _read_r
 .text.__ascii_wctomb
                0x0000000060017814       0x1c /Users/michaeljenz/zephyr-sdk-0.16.1/arm-zephyr-eabi/arm-zephyr-eabi/lib/thumb/v7e-m/nofp/libc.a(lib_a-wctomb_r.o)
                0x0000000060017814                __ascii_wctomb
 .text._OffsetAbsSyms
                0x0000000060017830        0x2 zephyr/CMakeFiles/offsets.dir/./arch/arm/core/offsets/offsets.c.obj
                0x0000000060017830                _OffsetAbsSyms
 .text.k_mutex_lock.constprop.0.isra.0
                0x0000000060017832        0x4 app/libapp.a(main.c.obj)
 .text.k_mutex_unlock.isra.0
                0x0000000060017836        0x4 app/libapp.a(main.c.obj)
 .text.k_timer_status_sync.isra.0
                0x000000006001783a        0x4 app/libapp.a(main.c.obj)
 .text.k_sleep.isra.0
                0x000000006001783e        0x4 app/libapp.a(main.c.obj)
 .text.k_msleep.isra.0
                0x0000000060017842        0xa app/libapp.a(main.c.obj)
 .text.mean_val
                0x000000006001784c       0x2e app/libapp.a(main.c.obj)
                0x000000006001784c                mean_val
 .text.moving_average
                0x000000006001787a       0x4c app/libapp.a(main.c.obj)
                0x000000006001787a                moving_average
 .text.main     0x00000000600178c6        0xc app/libapp.a(main.c.obj)
                0x00000000600178c6                main
 .text.cbpprintf_external
                0x00000000600178d2       0x62 zephyr/libzephyr.a(cbprintf_packaged.c.obj)
                0x00000000600178d2                cbpprintf_external
 .text.is_ptr   0x0000000060017934       0x4a zephyr/libzephyr.a(cbprintf_packaged.c.obj)
                0x0000000060017934                is_ptr
 .text.arch_printk_char_out
                0x000000006001797e        0x4 zephyr/libzephyr.a(printk.c.obj)
                0x000000006001797e                arch_printk_char_out
 .text.str_out  0x0000000060017982       0x24 zephyr/libzephyr.a(printk.c.obj)
 .text.vprintk  0x00000000600179a6        0x4 zephyr/libzephyr.a(printk.c.obj)
                0x00000000600179a6                vprintk
 .text.printk   0x00000000600179aa       0x1a zephyr/libzephyr.a(printk.c.obj)
                0x00000000600179aa                printk
 .text.snprintk
                0x00000000600179c4       0x1a zephyr/libzephyr.a(printk.c.obj)
                0x00000000600179c4                snprintk
 .text.z_thread_entry
                0x00000000600179de       0x14 zephyr/libzephyr.a(thread_entry.c.obj)
                0x00000000600179de                z_thread_entry
 .text.chunk_field
                0x00000000600179f2       0x16 zephyr/libzephyr.a(heap.c.obj)
 .text.chunk_set
                0x0000000060017a08       0x16 zephyr/libzephyr.a(heap.c.obj)
 .text.chunk_size
                0x0000000060017a1e        0xc zephyr/libzephyr.a(heap.c.obj)
 .text.set_chunk_used
                0x0000000060017a2a       0x30 zephyr/libzephyr.a(heap.c.obj)
 .text.set_chunk_size
                0x0000000060017a5a        0x8 zephyr/libzephyr.a(heap.c.obj)
 .text.mem_to_chunkid
                0x0000000060017a62       0x14 zephyr/libzephyr.a(heap.c.obj)
 .text.bytes_to_chunksz.isra.0
                0x0000000060017a76       0x14 zephyr/libzephyr.a(heap.c.obj)
 .text.bucket_idx.isra.0
                0x0000000060017a8a       0x18 zephyr/libzephyr.a(heap.c.obj)
 .text.free_list_remove_bidx
                0x0000000060017aa2       0x5c zephyr/libzephyr.a(heap.c.obj)
 .text.free_list_remove
                0x0000000060017afe       0x2e zephyr/libzephyr.a(heap.c.obj)
 .text.alloc_chunk
                0x0000000060017b2c       0x74 zephyr/libzephyr.a(heap.c.obj)
 .text.split_chunks
                0x0000000060017ba0       0x4e zephyr/libzephyr.a(heap.c.obj)
 .text.merge_chunks
                0x0000000060017bee       0x3c zephyr/libzephyr.a(heap.c.obj)
 .text.free_list_add
                0x0000000060017c2a       0x84 zephyr/libzephyr.a(heap.c.obj)
 .text.free_chunk
                0x0000000060017cae       0x84 zephyr/libzephyr.a(heap.c.obj)
 .text.sys_heap_alloc
                0x0000000060017d32       0x64 zephyr/libzephyr.a(heap.c.obj)
                0x0000000060017d32                sys_heap_alloc
 .text._ldiv5   0x0000000060017d96       0x30 zephyr/libzephyr.a(cbprintf_complete.c.obj)
 .text._get_digit
                0x0000000060017dc6       0x2e zephyr/libzephyr.a(cbprintf_complete.c.obj)
 .text.outs     0x0000000060017df4       0x2e zephyr/libzephyr.a(cbprintf_complete.c.obj)
 .text.ring_buf_put_claim
                0x0000000060017e22       0x40 zephyr/libzephyr.a(ring_buffer.c.obj)
                0x0000000060017e22                ring_buf_put_claim
 .text.ring_buf_put_finish
                0x0000000060017e62       0x2a zephyr/libzephyr.a(ring_buffer.c.obj)
                0x0000000060017e62                ring_buf_put_finish
 .text.ring_buf_get_claim
                0x0000000060017e8c       0x3e zephyr/libzephyr.a(ring_buffer.c.obj)
                0x0000000060017e8c                ring_buf_get_claim
 .text.ring_buf_get_finish
                0x0000000060017eca       0x2a zephyr/libzephyr.a(ring_buffer.c.obj)
                0x0000000060017eca                ring_buf_get_finish
 .text.assert_post_action
                0x0000000060017ef4        0xe zephyr/libzephyr.a(assert.c.obj)
                0x0000000060017ef4                assert_post_action
 .text.assert_print
                0x0000000060017f02       0x1a zephyr/libzephyr.a(assert.c.obj)
                0x0000000060017f02                assert_print
 .text.free_space
                0x0000000060017f1c       0x26 zephyr/libzephyr.a(mpsc_pbuf.c.obj)
 .text.get_usage
                0x0000000060017f42       0x22 zephyr/libzephyr.a(mpsc_pbuf.c.obj)
 .text.idx_inc  0x0000000060017f64       0x1c zephyr/libzephyr.a(mpsc_pbuf.c.obj)
 .text.rd_idx_inc
                0x0000000060017f80       0x18 zephyr/libzephyr.a(mpsc_pbuf.c.obj)
 .text.add_skip_item
                0x0000000060017f98       0x3a zephyr/libzephyr.a(mpsc_pbuf.c.obj)
 .text.drop_item_locked
                0x0000000060017fd2       0xee zephyr/libzephyr.a(mpsc_pbuf.c.obj)
 .text.post_drop_action
                0x00000000600180c0       0x36 zephyr/libzephyr.a(mpsc_pbuf.c.obj)
 .text.max_utilization_update
                0x00000000600180f6       0x1a zephyr/libzephyr.a(mpsc_pbuf.c.obj)
 .text.mpsc_pbuf_is_pending
                0x0000000060018110       0x1a zephyr/libzephyr.a(mpsc_pbuf.c.obj)
                0x0000000060018110                mpsc_pbuf_is_pending
 .text._ConfigAbsSyms
                0x000000006001812a        0x2 zephyr/libzephyr.a(configs.c.obj)
                0x000000006001812a                _ConfigAbsSyms
 .text.z_arm_platform_init
                0x000000006001812c        0x4 zephyr/libzephyr.a(soc_rt10xx.c.obj)
                0x000000006001812c                z_arm_platform_init
 .text.log_msg_generic_get_wlen
                0x0000000060018130       0x22 zephyr/libzephyr.a(log_core.c.obj)
 .text.dummy_timestamp
                0x0000000060018152        0x4 zephyr/libzephyr.a(log_core.c.obj)
 .text.atomic_inc
                0x0000000060018156       0x1a zephyr/libzephyr.a(log_core.c.obj)
 .text.default_lf_get_timestamp
                0x0000000060018170       0x10 zephyr/libzephyr.a(log_core.c.obj)
 .text.z_log_vprintk
                0x0000000060018180       0x1c zephyr/libzephyr.a(log_core.c.obj)
                0x0000000060018180                z_log_vprintk
 .text.z_log_notify_drop
                0x000000006001819c        0x6 zephyr/libzephyr.a(log_core.c.obj)
 .text.z_log_get_tag
                0x00000000600181a2        0x4 zephyr/libzephyr.a(log_core.c.obj)
                0x00000000600181a2                z_log_get_tag
 .text.z_cbprintf_cpy
                0x00000000600181a6       0x2c zephyr/libzephyr.a(log_msg.c.obj)
 .text.z_log_msg_finalize
                0x00000000600181d2       0x34 zephyr/libzephyr.a(log_msg.c.obj)
                0x00000000600181d2                z_log_msg_finalize
 .text.buffer_write
                0x0000000060018206       0x1a zephyr/libzephyr.a(log_output.c.obj)
 .text.cbvprintf
                0x0000000060018220        0xe zephyr/libzephyr.a(log_output.c.obj)
 .text.log_output_flush
                0x000000006001822e       0x1a zephyr/libzephyr.a(log_output.c.obj)
                0x000000006001822e                log_output_flush
 .text.cr_out_func
                0x0000000060018248       0x1c zephyr/libzephyr.a(log_output.c.obj)
 .text.z_log_msg_static_create.constprop.0
                0x0000000060018264        0x6 zephyr/libzephyr.a(usb_device.c.obj)
 .text.get_ep_bm_from_addr
                0x000000006001826a       0x1e zephyr/libzephyr.a(usb_device.c.obj)
 .text.usb_get_dev_data_by_cfg
                0x0000000060018288       0x16 zephyr/libzephyr.a(usb_descriptor.c.obj)
                0x0000000060018288                usb_get_dev_data_by_cfg
 .text.usb_get_dev_data_by_iface
                0x000000006001829e       0x1a zephyr/libzephyr.a(usb_descriptor.c.obj)
                0x000000006001829e                usb_get_dev_data_by_iface
 .text.usb_get_dev_data_by_ep
                0x00000000600182b8       0x2c zephyr/libzephyr.a(usb_descriptor.c.obj)
                0x00000000600182b8                usb_get_dev_data_by_ep
 .text.usb_transfer_is_busy
                0x00000000600182e4       0x16 zephyr/libzephyr.a(usb_transfer.c.obj)
                0x00000000600182e4                usb_transfer_is_busy
 .text.cdc_interface_config
                0x00000000600182fa       0x14 zephyr/libzephyr.a(cdc_acm.c.obj)
 .text.cdc_acm_irq_callback_work_handler
                0x000000006001830e        0xa zephyr/libzephyr.a(cdc_acm.c.obj)
 .text.cdc_acm_irq_tx_disable
                0x0000000060018318        0xa zephyr/libzephyr.a(cdc_acm.c.obj)
 .text.cdc_acm_irq_tx_ready
                0x0000000060018322        0xe zephyr/libzephyr.a(cdc_acm.c.obj)
 .text.cdc_acm_irq_rx_disable
                0x0000000060018330        0xa zephyr/libzephyr.a(cdc_acm.c.obj)
 .text.cdc_acm_irq_rx_ready
                0x000000006001833a        0x8 zephyr/libzephyr.a(cdc_acm.c.obj)
 .text.cdc_acm_irq_is_pending
                0x0000000060018342       0x1e zephyr/libzephyr.a(cdc_acm.c.obj)
 .text.cdc_acm_irq_update
                0x0000000060018360        0x4 zephyr/libzephyr.a(cdc_acm.c.obj)
 .text.cdc_acm_irq_callback_set